2025-07-22T00:15:13.593373+00:00 ubuntu kernel: workqueue: drm_fb_helper_damage_work hogged CPU for >10000us 128 times, consider switching to WQ_UNBOUND
2025-07-22T00:28:28.383245+00:00 ubuntu kernel: hrtimer: interrupt took 18673039 ns
2025-07-22T00:28:29.417884+00:00 ubuntu kernel: workqueue: e1000_watchdog [e1000] hogged CPU for >10000us 32 times, consider switching to WQ_UNBOUND
2025-07-22T00:29:39.340259+00:00 ubuntu kernel: workqueue: blk_mq_requeue_work hogged CPU for >10000us 4 times, consider switching to WQ_UNBOUND
2025-07-22T00:30:07.283491+00:00 ubuntu kernel: workqueue: blk_mq_requeue_work hogged CPU for >10000us 8 times, consider switching to WQ_UNBOUND
2025-07-22T00:30:34.069986+00:00 ubuntu kernel: workqueue: blk_mq_run_work_fn hogged CPU for >10000us 8 times, consider switching to WQ_UNBOUND
2025-07-22T00:31:08.952340+00:00 ubuntu kernel: br-c1ed1120b48f: port 1(veth8addd3e) entered blocking state
2025-07-22T00:31:08.952565+00:00 ubuntu kernel: br-c1ed1120b48f: port 1(veth8addd3e) entered disabled state
2025-07-22T00:31:08.952573+00:00 ubuntu kernel: veth8addd3e: entered allmulticast mode
2025-07-22T00:31:08.952574+00:00 ubuntu kernel: veth8addd3e: entered promiscuous mode
2025-07-22T00:31:09.102123+00:00 ubuntu kernel: eth0: renamed from veth1ec012e
2025-07-22T00:31:09.119152+00:00 ubuntu kernel: br-c1ed1120b48f: port 1(veth8addd3e) entered blocking state
2025-07-22T00:31:09.119162+00:00 ubuntu kernel: br-c1ed1120b48f: port 1(veth8addd3e) entered forwarding state
2025-07-22T00:31:19.183298+00:00 ubuntu kernel: br-c1ed1120b48f: port 2(veth31ff3d1) entered blocking state
2025-07-22T00:31:19.183372+00:00 ubuntu kernel: br-c1ed1120b48f: port 2(veth31ff3d1) entered disabled state
2025-07-22T00:31:19.183375+00:00 ubuntu kernel: veth31ff3d1: entered allmulticast mode
2025-07-22T00:31:19.184908+00:00 ubuntu kernel: veth31ff3d1: entered promiscuous mode
2025-07-22T00:31:19.316008+00:00 ubuntu kernel: eth0: renamed from veth2ee295a
2025-07-22T00:31:19.329893+00:00 ubuntu kernel: br-c1ed1120b48f: port 2(veth31ff3d1) entered blocking state
2025-07-22T00:31:19.329909+00:00 ubuntu kernel: br-c1ed1120b48f: port 2(veth31ff3d1) entered forwarding state
2025-07-22T00:32:21.480777+00:00 ubuntu kernel: runc:[2:INIT] invoked oom-killer: gfp_mask=0xcc0(GFP_KERNEL), order=0, oom_score_adj=0
2025-07-22T00:32:21.480800+00:00 ubuntu kernel: CPU: 2 PID: 4967 Comm: runc:[2:INIT] Not tainted 6.8.0-63-generic #66-Ubuntu
2025-07-22T00:32:21.480803+00:00 ubuntu kernel: Hardware name: innotek GmbH VirtualBox/VirtualBox, BIOS VirtualBox 12/01/2006
2025-07-22T00:32:21.480804+00:00 ubuntu kernel: Call Trace:
2025-07-22T00:32:21.480804+00:00 ubuntu kernel:  <TASK>
2025-07-22T00:32:21.480805+00:00 ubuntu kernel:  dump_stack_lvl+0x76/0xa0
2025-07-22T00:32:21.480805+00:00 ubuntu kernel:  dump_stack+0x10/0x20
2025-07-22T00:32:21.480805+00:00 ubuntu kernel:  dump_header+0x47/0x1f0
2025-07-22T00:32:21.480806+00:00 ubuntu kernel:  oom_kill_process+0x118/0x280
2025-07-22T00:32:21.480807+00:00 ubuntu kernel:  out_of_memory+0x103/0x350
2025-07-22T00:32:21.480808+00:00 ubuntu kernel:  mem_cgroup_out_of_memory+0x145/0x170
2025-07-22T00:32:21.480808+00:00 ubuntu kernel:  try_charge_memcg+0x6d6/0x7d0
2025-07-22T00:32:21.480809+00:00 ubuntu kernel:  ? vma_alloc_folio+0x7a/0xd0
2025-07-22T00:32:21.480811+00:00 ubuntu kernel:  __mem_cgroup_charge+0x45/0xc0
2025-07-22T00:32:21.480811+00:00 ubuntu kernel:  do_anonymous_page+0xb2/0x430
2025-07-22T00:32:21.480812+00:00 ubuntu kernel:  handle_pte_fault+0x1cb/0x1d0
2025-07-22T00:32:21.480812+00:00 ubuntu kernel:  __handle_mm_fault+0x654/0x800
2025-07-22T00:32:21.480813+00:00 ubuntu kernel:  handle_mm_fault+0x18a/0x380
2025-07-22T00:32:21.480813+00:00 ubuntu kernel:  do_user_addr_fault+0x169/0x670
2025-07-22T00:32:21.480814+00:00 ubuntu kernel:  exc_page_fault+0x83/0x1b0
2025-07-22T00:32:21.480814+00:00 ubuntu kernel:  asm_exc_page_fault+0x27/0x30
2025-07-22T00:32:21.480814+00:00 ubuntu kernel: RIP: 0033:0x5e5f061f1e4e
2025-07-22T00:32:21.480815+00:00 ubuntu kernel: Code: 00 0f 86 14 02 00 00 80 3d d7 7d 8b 00 01 75 0d 48 81 fb 00 08 00 00 0f 83 f7 00 00 00 80 3d bb 7d 8b 00 01 0f 84 97 00 00 00 <f3> 44 0f 7f 3f f3 44 0f 7f 7f 10 f3 44 0f 7f 7f 20 f3 44 0f 7f 7f
2025-07-22T00:32:21.480816+00:00 ubuntu kernel: RSP: 002b:000000c0001419a0 EFLAGS: 00010206
2025-07-22T00:32:21.480817+00:00 ubuntu kernel: RAX: 0000000000000000 RBX: 000000000000b000 RCX: 0000000000010000
2025-07-22T00:32:21.480817+00:00 ubuntu kernel: RDX: 0000000000000001 RSI: 000000c0000dc000 RDI: 000000c0000a1000
2025-07-22T00:32:21.480818+00:00 ubuntu kernel: RBP: 000000c0001419c8 R08: 0000000000000000 R09: 0000000000000001
2025-07-22T00:32:21.480818+00:00 ubuntu kernel: R10: 0000714e64142d88 R11: 0000000000000000 R12: 000000c00009c000
2025-07-22T00:32:21.480819+00:00 ubuntu kernel: R13: 0000000000000001 R14: 000000c0000061c0 R15: 0000000000000000
2025-07-22T00:32:21.480820+00:00 ubuntu kernel:  </TASK>
2025-07-22T00:32:21.480820+00:00 ubuntu kernel: memory: usage 1048576kB, limit 1048576kB, failcnt 5646
2025-07-22T00:32:21.480820+00:00 ubuntu kernel: swap: usage 0kB, limit 1048576kB, failcnt 0
2025-07-22T00:32:21.480821+00:00 ubuntu kernel: Memory cgroup stats for /system.slice/docker-354e3a2a5f671c1ce09952340e8cdca96824872ea6eb3891871044d62be22396.scope:
2025-07-22T00:32:21.480821+00:00 ubuntu kernel: anon 1062453248
2025-07-22T00:32:21.480822+00:00 ubuntu kernel: file 2809856
2025-07-22T00:32:21.480822+00:00 ubuntu kernel: kernel 8478720
2025-07-22T00:32:21.480823+00:00 ubuntu kernel: kernel_stack 1654784
2025-07-22T00:32:21.480823+00:00 ubuntu kernel: pagetables 3112960
2025-07-22T00:32:21.480823+00:00 ubuntu kernel: sec_pagetables 0
2025-07-22T00:32:21.480824+00:00 ubuntu kernel: percpu 2640
2025-07-22T00:32:21.480824+00:00 ubuntu kernel: sock 0
2025-07-22T00:32:21.480825+00:00 ubuntu kernel: vmalloc 16384
2025-07-22T00:32:21.480825+00:00 ubuntu kernel: shmem 0
2025-07-22T00:32:21.480826+00:00 ubuntu kernel: zswap 0
2025-07-22T00:32:21.480826+00:00 ubuntu kernel: zswapped 0
2025-07-22T00:32:21.480826+00:00 ubuntu kernel: file_mapped 2781184
2025-07-22T00:32:21.480827+00:00 ubuntu kernel: file_dirty 4096
2025-07-22T00:32:21.480828+00:00 ubuntu kernel: file_writeback 4096
2025-07-22T00:32:21.480828+00:00 ubuntu kernel: swapcached 0
2025-07-22T00:32:21.480828+00:00 ubuntu kernel: anon_thp 0
2025-07-22T00:32:21.480829+00:00 ubuntu kernel: file_thp 0
2025-07-22T00:32:21.480829+00:00 ubuntu kernel: shmem_thp 0
2025-07-22T00:32:21.480829+00:00 ubuntu kernel: inactive_anon 6287360
2025-07-22T00:32:21.480830+00:00 ubuntu kernel: active_anon 253308928
2025-07-22T00:32:21.480830+00:00 ubuntu kernel: inactive_file 32768
2025-07-22T00:32:21.480830+00:00 ubuntu kernel: active_file 0
2025-07-22T00:32:21.480831+00:00 ubuntu kernel: unevictable 805634048
2025-07-22T00:32:21.480832+00:00 ubuntu kernel: slab_reclaimable 1976000
2025-07-22T00:32:21.480832+00:00 ubuntu kernel: slab_unreclaimable 1656872
2025-07-22T00:32:21.480833+00:00 ubuntu kernel: slab 3632872
2025-07-22T00:32:21.480833+00:00 ubuntu kernel: workingset_refault_anon 0
2025-07-22T00:32:21.480833+00:00 ubuntu kernel: workingset_refault_file 876
2025-07-22T00:32:21.480834+00:00 ubuntu kernel: workingset_activate_anon 0
2025-07-22T00:32:21.480834+00:00 ubuntu kernel: workingset_activate_file 484
2025-07-22T00:32:21.480834+00:00 ubuntu kernel: workingset_restore_anon 0
2025-07-22T00:32:21.480835+00:00 ubuntu kernel: workingset_restore_file 127
2025-07-22T00:32:21.480835+00:00 ubuntu kernel: workingset_nodereclaim 0
2025-07-22T00:32:21.480835+00:00 ubuntu kernel: pgscan 7231
2025-07-22T00:32:21.480836+00:00 ubuntu kernel: pgsteal 7053
2025-07-22T00:32:21.480836+00:00 ubuntu kernel: pgscan_kswapd 0
2025-07-22T00:32:21.480837+00:00 ubuntu kernel: pgscan_direct 7231
2025-07-22T00:32:21.480837+00:00 ubuntu kernel: pgscan_khugepaged 0
2025-07-22T00:32:21.480837+00:00 ubuntu kernel: pgsteal_kswapd 0
2025-07-22T00:32:21.480838+00:00 ubuntu kernel: pgsteal_direct 7053
2025-07-22T00:32:21.480838+00:00 ubuntu kernel: pgsteal_khugepaged 0
2025-07-22T00:32:21.480838+00:00 ubuntu kernel: pgfault 392694
2025-07-22T00:32:21.480839+00:00 ubuntu kernel: pgmajfault 28
2025-07-22T00:32:21.480839+00:00 ubuntu kernel: pgrefill 1616
2025-07-22T00:32:21.480840+00:00 ubuntu kernel: pgactivate 155
2025-07-22T00:32:21.480840+00:00 ubuntu kernel: pgdeactivate 0
2025-07-22T00:32:21.480840+00:00 ubuntu kernel: pglazyfree 0
2025-07-22T00:32:21.480841+00:00 ubuntu kernel: pglazyfreed 0
2025-07-22T00:32:21.480841+00:00 ubuntu kernel: zswpin 0
2025-07-22T00:32:21.480841+00:00 ubuntu kernel: zswpout 0
2025-07-22T00:32:21.480842+00:00 ubuntu kernel: zswpwb 0
2025-07-22T00:32:21.480842+00:00 ubuntu kernel: thp_fault_alloc 0
2025-07-22T00:32:21.480842+00:00 ubuntu kernel: thp_collapse_alloc 0
2025-07-22T00:32:21.480843+00:00 ubuntu kernel: thp_swpout 0
2025-07-22T00:32:21.480843+00:00 ubuntu kernel: thp_swpout_fallback 0
2025-07-22T00:32:21.480844+00:00 ubuntu kernel: Tasks state (memory values in pages):
2025-07-22T00:32:21.480844+00:00 ubuntu kernel: [  pid  ]   uid  tgid total_vm      rss rss_anon rss_file rss_shmem pgtables_bytes swapents oom_score_adj name
2025-07-22T00:32:21.480844+00:00 ubuntu kernel: [   2204]  1000  2204      658      288        0      288         0    53248        0             0 tini
2025-07-22T00:32:21.480845+00:00 ubuntu kernel: [   2307]  1000  2307   635693    26175    20255     5920         0   421888        0             0 java
2025-07-22T00:32:21.480846+00:00 ubuntu kernel: [   3955]  1000  3955  1093352   280642   238754    41888         0  2543616        0             0 java
2025-07-22T00:32:21.480846+00:00 ubuntu kernel: [   4218]  1000  4218    27298     2336      160     2176         0    94208        0             0 controller
2025-07-22T00:32:21.480846+00:00 ubuntu kernel: [   4967]     0  4967   401414     2222      494     1728         0   151552        0             0 runc:[2:INIT]
2025-07-22T00:32:21.480847+00:00 ubuntu kernel: oom-kill:constraint=CONSTRAINT_MEMCG,nodemask=(null),cpuset=docker-354e3a2a5f671c1ce09952340e8cdca96824872ea6eb3891871044d62be22396.scope,mems_allowed=0,oom_memcg=/system.slice/docker-354e3a2a5f671c1ce09952340e8cdca96824872ea6eb3891871044d62be22396.scope,task_memcg=/system.slice/docker-354e3a2a5f671c1ce09952340e8cdca96824872ea6eb3891871044d62be22396.scope,task=java,pid=3955,uid=1000
2025-07-22T00:32:21.480848+00:00 ubuntu kernel: Memory cgroup out of memory: Killed process 3955 (java) total-vm:4373408kB, anon-rss:955016kB, file-rss:167552kB, shmem-rss:0kB, UID:1000 pgtables:2484kB oom_score_adj:0
2025-07-22T00:32:21.884569+00:00 ubuntu kernel: br-c1ed1120b48f: port 2(veth31ff3d1) entered disabled state
2025-07-22T00:32:21.885866+00:00 ubuntu kernel: veth2ee295a: renamed from eth0
2025-07-22T00:32:21.946134+00:00 ubuntu kernel: br-c1ed1120b48f: port 2(veth31ff3d1) entered disabled state
2025-07-22T00:32:21.948594+00:00 ubuntu kernel: veth31ff3d1 (unregistering): left allmulticast mode
2025-07-22T00:32:21.948673+00:00 ubuntu kernel: veth31ff3d1 (unregistering): left promiscuous mode
2025-07-22T00:32:21.948676+00:00 ubuntu kernel: br-c1ed1120b48f: port 2(veth31ff3d1) entered disabled state
2025-07-22T00:32:40.018833+00:00 ubuntu kernel: workqueue: drain_vmap_area_work hogged CPU for >10000us 4 times, consider switching to WQ_UNBOUND
2025-07-22T00:33:15.219898+00:00 ubuntu kernel: br-c1ed1120b48f: port 1(veth8addd3e) entered disabled state
2025-07-22T00:33:15.220632+00:00 ubuntu kernel: veth1ec012e: renamed from eth0
2025-07-22T00:33:15.375010+00:00 ubuntu kernel: br-c1ed1120b48f: port 1(veth8addd3e) entered disabled state
2025-07-22T00:33:15.375111+00:00 ubuntu kernel: veth8addd3e (unregistering): left allmulticast mode
2025-07-22T00:33:15.375115+00:00 ubuntu kernel: veth8addd3e (unregistering): left promiscuous mode
2025-07-22T00:33:15.375117+00:00 ubuntu kernel: br-c1ed1120b48f: port 1(veth8addd3e) entered disabled state
2025-07-22T00:33:43.678932+00:00 ubuntu kernel: br-c1ed1120b48f: port 1(vethddf2f38) entered blocking state
2025-07-22T00:33:43.678943+00:00 ubuntu kernel: br-c1ed1120b48f: port 1(vethddf2f38) entered disabled state
2025-07-22T00:33:43.678944+00:00 ubuntu kernel: vethddf2f38: entered allmulticast mode
2025-07-22T00:33:43.678946+00:00 ubuntu kernel: vethddf2f38: entered promiscuous mode
2025-07-22T00:33:43.747067+00:00 ubuntu kernel: eth0: renamed from veth5ac65ad
2025-07-22T00:33:43.780948+00:00 ubuntu kernel: br-c1ed1120b48f: port 1(vethddf2f38) entered blocking state
2025-07-22T00:33:43.781010+00:00 ubuntu kernel: br-c1ed1120b48f: port 1(vethddf2f38) entered forwarding state
2025-07-22T00:33:45.273012+00:00 ubuntu kernel: br-c1ed1120b48f: port 2(veth252c4c4) entered blocking state
2025-07-22T00:33:45.273025+00:00 ubuntu kernel: br-c1ed1120b48f: port 2(veth252c4c4) entered disabled state
2025-07-22T00:33:45.273026+00:00 ubuntu kernel: veth252c4c4: entered allmulticast mode
2025-07-22T00:33:45.273027+00:00 ubuntu kernel: veth252c4c4: entered promiscuous mode
2025-07-22T00:33:45.355749+00:00 ubuntu kernel: eth0: renamed from vetha65c01d
2025-07-22T00:33:45.369624+00:00 ubuntu kernel: br-c1ed1120b48f: port 2(veth252c4c4) entered blocking state
2025-07-22T00:33:45.369639+00:00 ubuntu kernel: br-c1ed1120b48f: port 2(veth252c4c4) entered forwarding state
2025-07-22T00:34:31.737700+00:00 ubuntu kernel: workqueue: drm_fb_helper_damage_work hogged CPU for >10000us 256 times, consider switching to WQ_UNBOUND
2025-07-22T00:34:57.885760+00:00 ubuntu kernel: runc:[2:INIT] invoked oom-killer: gfp_mask=0xcc0(GFP_KERNEL), order=0, oom_score_adj=0
2025-07-22T00:34:57.885885+00:00 ubuntu kernel: CPU: 2 PID: 9192 Comm: runc:[2:INIT] Not tainted 6.8.0-63-generic #66-Ubuntu
2025-07-22T00:34:57.885895+00:00 ubuntu kernel: Hardware name: innotek GmbH VirtualBox/VirtualBox, BIOS VirtualBox 12/01/2006
2025-07-22T00:34:57.885896+00:00 ubuntu kernel: Call Trace:
2025-07-22T00:34:57.885896+00:00 ubuntu kernel:  <TASK>
2025-07-22T00:34:57.885897+00:00 ubuntu kernel:  dump_stack_lvl+0x76/0xa0
2025-07-22T00:34:57.885898+00:00 ubuntu kernel:  dump_stack+0x10/0x20
2025-07-22T00:34:57.885898+00:00 ubuntu kernel:  dump_header+0x47/0x1f0
2025-07-22T00:34:57.885899+00:00 ubuntu kernel:  oom_kill_process+0x118/0x280
2025-07-22T00:34:57.885899+00:00 ubuntu kernel:  out_of_memory+0x103/0x350
2025-07-22T00:34:57.885903+00:00 ubuntu kernel:  mem_cgroup_out_of_memory+0x145/0x170
2025-07-22T00:34:57.885903+00:00 ubuntu kernel:  try_charge_memcg+0x6d6/0x7d0
2025-07-22T00:34:57.885905+00:00 ubuntu kernel:  ? vma_alloc_folio+0x7a/0xd0
2025-07-22T00:34:57.885906+00:00 ubuntu kernel:  __mem_cgroup_charge+0x45/0xc0
2025-07-22T00:34:57.885908+00:00 ubuntu kernel:  do_anonymous_page+0xb2/0x430
2025-07-22T00:34:57.885909+00:00 ubuntu kernel:  handle_pte_fault+0x1cb/0x1d0
2025-07-22T00:34:57.885910+00:00 ubuntu kernel:  __handle_mm_fault+0x654/0x800
2025-07-22T00:34:57.885911+00:00 ubuntu kernel:  handle_mm_fault+0x18a/0x380
2025-07-22T00:34:57.885911+00:00 ubuntu kernel:  do_user_addr_fault+0x169/0x670
2025-07-22T00:34:57.885913+00:00 ubuntu kernel:  exc_page_fault+0x83/0x1b0
2025-07-22T00:34:57.885913+00:00 ubuntu kernel:  asm_exc_page_fault+0x27/0x30
2025-07-22T00:34:57.885914+00:00 ubuntu kernel: RIP: 0033:0x7c08edeac51a
2025-07-22T00:34:57.885915+00:00 ubuntu kernel: Code: 8d 15 ca 75 15 00 49 39 d4 49 89 4c 24 60 0f 95 c2 48 29 d8 0f b6 d2 48 83 c8 01 48 c1 e2 02 48 09 da 48 83 ca 01 49 89 56 08 <48> 89 41 08 49 83 c6 10 eb af 4c 8b 72 28 eb 04 4d 8b 76 28 49 8b
2025-07-22T00:34:57.885918+00:00 ubuntu kernel: RSP: 002b:00007ffe23c4c340 EFLAGS: 00010202
2025-07-22T00:34:57.885918+00:00 ubuntu kernel: RAX: 0000000000012fb1 RBX: 00000000000000f0 RCX: 00005a5989e6a050
2025-07-22T00:34:57.885919+00:00 ubuntu kernel: RDX: 00000000000000f1 RSI: ffffffffffffffb8 RDI: 0000000000000000
2025-07-22T00:34:57.885920+00:00 ubuntu kernel: RBP: 00007ffe23c4c3c0 R08: 00007c08ee003b20 R09: 00000000000000f0
2025-07-22T00:34:57.885920+00:00 ubuntu kernel: R10: 0000000000000001 R11: 0000000000000000 R12: 00007c08ee003ac0
2025-07-22T00:34:57.885921+00:00 ubuntu kernel: R13: 00000000000000e0 R14: 00005a5989e69f60 R15: 00000000000000f0
2025-07-22T00:34:57.885923+00:00 ubuntu kernel:  </TASK>
2025-07-22T00:34:57.885923+00:00 ubuntu kernel: memory: usage 1048576kB, limit 1048576kB, failcnt 9859
2025-07-22T00:34:57.885924+00:00 ubuntu kernel: swap: usage 0kB, limit 1048576kB, failcnt 0
2025-07-22T00:34:57.885925+00:00 ubuntu kernel: Memory cgroup stats for /system.slice/docker-354e3a2a5f671c1ce09952340e8cdca96824872ea6eb3891871044d62be22396.scope:
2025-07-22T00:34:57.885925+00:00 ubuntu kernel: anon 1065381888
2025-07-22T00:34:57.885926+00:00 ubuntu kernel: file 45056
2025-07-22T00:34:57.885927+00:00 ubuntu kernel: kernel 8314880
2025-07-22T00:34:57.885927+00:00 ubuntu kernel: kernel_stack 1540096
2025-07-22T00:34:57.885929+00:00 ubuntu kernel: pagetables 3104768
2025-07-22T00:34:57.885929+00:00 ubuntu kernel: sec_pagetables 0
2025-07-22T00:34:57.885930+00:00 ubuntu kernel: percpu 2640
2025-07-22T00:34:57.885931+00:00 ubuntu kernel: sock 0
2025-07-22T00:34:57.885931+00:00 ubuntu kernel: vmalloc 16384
2025-07-22T00:34:57.885932+00:00 ubuntu kernel: shmem 0
2025-07-22T00:34:57.885933+00:00 ubuntu kernel: zswap 0
2025-07-22T00:34:57.885933+00:00 ubuntu kernel: zswapped 0
2025-07-22T00:34:57.885935+00:00 ubuntu kernel: file_mapped 40960
2025-07-22T00:34:57.885935+00:00 ubuntu kernel: file_dirty 0
2025-07-22T00:34:57.885936+00:00 ubuntu kernel: file_writeback 20480
2025-07-22T00:34:57.885936+00:00 ubuntu kernel: swapcached 0
2025-07-22T00:34:57.885937+00:00 ubuntu kernel: anon_thp 0
2025-07-22T00:34:57.885938+00:00 ubuntu kernel: file_thp 0
2025-07-22T00:34:57.885938+00:00 ubuntu kernel: shmem_thp 0
2025-07-22T00:34:57.885939+00:00 ubuntu kernel: inactive_anon 245284864
2025-07-22T00:34:57.885939+00:00 ubuntu kernel: active_anon 14139392
2025-07-22T00:34:57.885940+00:00 ubuntu kernel: inactive_file 12288
2025-07-22T00:34:57.885941+00:00 ubuntu kernel: active_file 0
2025-07-22T00:34:57.885981+00:00 ubuntu kernel: unevictable 805990400
2025-07-22T00:34:57.885983+00:00 ubuntu kernel: slab_reclaimable 2010528
2025-07-22T00:34:57.885984+00:00 ubuntu kernel: slab_unreclaimable 1580288
2025-07-22T00:34:57.885985+00:00 ubuntu kernel: slab 3590816
2025-07-22T00:34:57.885985+00:00 ubuntu kernel: workingset_refault_anon 0
2025-07-22T00:34:57.885986+00:00 ubuntu kernel: workingset_refault_file 7429
2025-07-22T00:34:57.885987+00:00 ubuntu kernel: workingset_activate_anon 0
2025-07-22T00:34:57.885987+00:00 ubuntu kernel: workingset_activate_file 919
2025-07-22T00:34:57.885988+00:00 ubuntu kernel: workingset_restore_anon 0
2025-07-22T00:34:57.885989+00:00 ubuntu kernel: workingset_restore_file 205
2025-07-22T00:34:57.885990+00:00 ubuntu kernel: workingset_nodereclaim 0
2025-07-22T00:34:57.885991+00:00 ubuntu kernel: pgscan 12103
2025-07-22T00:34:57.885992+00:00 ubuntu kernel: pgsteal 12067
2025-07-22T00:34:57.885992+00:00 ubuntu kernel: pgscan_kswapd 192
2025-07-22T00:34:57.885993+00:00 ubuntu kernel: pgscan_direct 11911
2025-07-22T00:34:57.885993+00:00 ubuntu kernel: pgscan_khugepaged 0
2025-07-22T00:34:57.885994+00:00 ubuntu kernel: pgsteal_kswapd 186
2025-07-22T00:34:57.885995+00:00 ubuntu kernel: pgsteal_direct 11881
2025-07-22T00:34:57.885995+00:00 ubuntu kernel: pgsteal_khugepaged 0
2025-07-22T00:34:57.885996+00:00 ubuntu kernel: pgfault 340481
2025-07-22T00:34:57.885997+00:00 ubuntu kernel: pgmajfault 39
2025-07-22T00:34:57.885997+00:00 ubuntu kernel: pgrefill 2027
2025-07-22T00:34:57.885998+00:00 ubuntu kernel: pgactivate 19
2025-07-22T00:34:57.885999+00:00 ubuntu kernel: pgdeactivate 0
2025-07-22T00:34:57.885999+00:00 ubuntu kernel: pglazyfree 0
2025-07-22T00:34:57.886000+00:00 ubuntu kernel: pglazyfreed 0
2025-07-22T00:34:57.886001+00:00 ubuntu kernel: zswpin 0
2025-07-22T00:34:57.886001+00:00 ubuntu kernel: zswpout 0
2025-07-22T00:34:57.886002+00:00 ubuntu kernel: zswpwb 0
2025-07-22T00:34:57.886003+00:00 ubuntu kernel: thp_fault_alloc 0
2025-07-22T00:34:57.886003+00:00 ubuntu kernel: thp_collapse_alloc 0
2025-07-22T00:34:57.886004+00:00 ubuntu kernel: thp_swpout 0
2025-07-22T00:34:57.886004+00:00 ubuntu kernel: thp_swpout_fallback 0
2025-07-22T00:34:57.886005+00:00 ubuntu kernel: Tasks state (memory values in pages):
2025-07-22T00:34:57.886006+00:00 ubuntu kernel: [  pid  ]   uid  tgid total_vm      rss rss_anon rss_file rss_shmem pgtables_bytes swapents oom_score_adj name
2025-07-22T00:34:57.886007+00:00 ubuntu kernel: [   6366]  1000  6366      658      288        0      288         0    49152        0             0 tini
2025-07-22T00:34:57.886008+00:00 ubuntu kernel: [   6466]  1000  6466   635693    26013    20061     5952         0   417792        0             0 java
2025-07-22T00:34:57.886009+00:00 ubuntu kernel: [   7930]  1000  7930  1086798   281285   239397    41888         0  2531328        0             0 java
2025-07-22T00:34:57.886010+00:00 ubuntu kernel: [   7990]  1000  7990    27298     2304      160     2144         0    94208        0             0 controller
2025-07-22T00:34:57.886011+00:00 ubuntu kernel: [   9192]     0  9192   401610     2574      750     1824         0   167936        0             0 runc:[2:INIT]
2025-07-22T00:34:57.886012+00:00 ubuntu kernel: oom-kill:constraint=CONSTRAINT_MEMCG,nodemask=(null),cpuset=docker-354e3a2a5f671c1ce09952340e8cdca96824872ea6eb3891871044d62be22396.scope,mems_allowed=0,oom_memcg=/system.slice/docker-354e3a2a5f671c1ce09952340e8cdca96824872ea6eb3891871044d62be22396.scope,task_memcg=/system.slice/docker-354e3a2a5f671c1ce09952340e8cdca96824872ea6eb3891871044d62be22396.scope,task=java,pid=7930,uid=1000
2025-07-22T00:34:57.886013+00:00 ubuntu kernel: Memory cgroup out of memory: Killed process 7930 (java) total-vm:4347192kB, anon-rss:957588kB, file-rss:167552kB, shmem-rss:0kB, UID:1000 pgtables:2472kB oom_score_adj:0
2025-07-22T00:34:58.301834+00:00 ubuntu kernel: br-c1ed1120b48f: port 2(veth252c4c4) entered disabled state
2025-07-22T00:34:58.301850+00:00 ubuntu kernel: vetha65c01d: renamed from eth0
2025-07-22T00:34:58.353995+00:00 ubuntu kernel: br-c1ed1120b48f: port 2(veth252c4c4) entered disabled state
2025-07-22T00:34:58.354044+00:00 ubuntu kernel: veth252c4c4 (unregistering): left allmulticast mode
2025-07-22T00:34:58.354047+00:00 ubuntu kernel: veth252c4c4 (unregistering): left promiscuous mode
2025-07-22T00:34:58.354047+00:00 ubuntu kernel: br-c1ed1120b48f: port 2(veth252c4c4) entered disabled state
2025-07-22T00:35:20.014608+00:00 ubuntu kernel: workqueue: e1000_watchdog [e1000] hogged CPU for >10000us 64 times, consider switching to WQ_UNBOUND
2025-07-22T00:36:21.491875+00:00 ubuntu kernel: veth5ac65ad: renamed from eth0
2025-07-22T00:36:21.506314+00:00 ubuntu kernel: br-c1ed1120b48f: port 1(vethddf2f38) entered disabled state
2025-07-22T00:36:21.642645+00:00 ubuntu kernel: br-c1ed1120b48f: port 1(vethddf2f38) entered disabled state
2025-07-22T00:36:21.644861+00:00 ubuntu kernel: vethddf2f38 (unregistering): left allmulticast mode
2025-07-22T00:36:21.644955+00:00 ubuntu kernel: vethddf2f38 (unregistering): left promiscuous mode
2025-07-22T00:36:21.644958+00:00 ubuntu kernel: br-c1ed1120b48f: port 1(vethddf2f38) entered disabled state
2025-07-22T00:38:07.440124+00:00 ubuntu kernel: Linux version 6.8.0-63-generic (buildd@lcy02-amd64-047) (x86_64-linux-gnu-gcc-13 (Ubuntu 13.3.0-6ubuntu2~24.04) 13.3.0, GNU ld (GNU Binutils for Ubuntu) 2.42) #66-Ubuntu SMP PREEMPT_DYNAMIC Fri Jun 13 20:25:30 UTC 2025 (Ubuntu 6.8.0-63.66-generic 6.8.12)
2025-07-22T00:38:07.442120+00:00 ubuntu kernel: Command line: BOOT_IMAGE=/boot/vmlinuz-6.8.0-63-generic root=UUID=1146e309-5dfb-4d99-b26d-540d8942d467 ro quiet splash noprompt noshell automatic-ubiquity debian-installer/locale=en_US keyboard-configuration/layoutcode=us languagechooser/language-name=English localechooser/supported-locales=en_US.UTF-8 countrychooser/shortlist=IN --
2025-07-22T00:38:07.442124+00:00 ubuntu kernel: KERNEL supported cpus:
2025-07-22T00:38:07.442124+00:00 ubuntu kernel:   Intel GenuineIntel
2025-07-22T00:38:07.442124+00:00 ubuntu kernel:   AMD AuthenticAMD
2025-07-22T00:38:07.442125+00:00 ubuntu kernel:   Hygon HygonGenuine
2025-07-22T00:38:07.442154+00:00 ubuntu kernel:   Centaur CentaurHauls
2025-07-22T00:38:07.442156+00:00 ubuntu kernel:   zhaoxin   Shanghai  
2025-07-22T00:38:07.442157+00:00 ubuntu kernel: BIOS-provided physical RAM map:
2025-07-22T00:38:07.442158+00:00 ubuntu kernel: BIOS-e820: [mem 0x0000000000000000-0x000000000009fbff] usable
2025-07-22T00:38:07.442158+00:00 ubuntu kernel: BIOS-e820: [mem 0x000000000009fc00-0x000000000009ffff] reserved
2025-07-22T00:38:07.442158+00:00 ubuntu kernel: BIOS-e820: [mem 0x00000000000f0000-0x00000000000fffff] reserved
2025-07-22T00:38:07.442159+00:00 ubuntu kernel: BIOS-e820: [mem 0x0000000000100000-0x00000000dffeffff] usable
2025-07-22T00:38:07.442185+00:00 ubuntu kernel: BIOS-e820: [mem 0x00000000dfff0000-0x00000000dfffffff] ACPI data
2025-07-22T00:38:07.442187+00:00 ubuntu kernel: BIOS-e820: [mem 0x00000000fec00000-0x00000000fec00fff] reserved
2025-07-22T00:38:07.442188+00:00 ubuntu kernel: BIOS-e820: [mem 0x00000000fee00000-0x00000000fee00fff] reserved
2025-07-22T00:38:07.442188+00:00 ubuntu kernel: BIOS-e820: [mem 0x00000000fffc0000-0x00000000ffffffff] reserved
2025-07-22T00:38:07.442189+00:00 ubuntu kernel: BIOS-e820: [mem 0x0000000100000000-0x00000002b71fffff] usable
2025-07-22T00:38:07.442189+00:00 ubuntu kernel: NX (Execute Disable) protection: active
2025-07-22T00:38:07.442212+00:00 ubuntu kernel: APIC: Static calls initialized
2025-07-22T00:38:07.442214+00:00 ubuntu kernel: SMBIOS 2.5 present.
2025-07-22T00:38:07.442215+00:00 ubuntu kernel: DMI: innotek GmbH VirtualBox/VirtualBox, BIOS VirtualBox 12/01/2006
2025-07-22T00:38:07.442216+00:00 ubuntu kernel: Hypervisor detected: KVM
2025-07-22T00:38:07.442216+00:00 ubuntu kernel: kvm-clock: Using msrs 4b564d01 and 4b564d00
2025-07-22T00:38:07.442216+00:00 ubuntu kernel: kvm-clock: using sched offset of 7364706580 cycles
2025-07-22T00:38:07.442238+00:00 ubuntu kernel: clocksource: kvm-clock: mask: 0xffffffffffffffff max_cycles: 0x1cd42e4dffb, max_idle_ns: 881590591483 ns
2025-07-22T00:38:07.442241+00:00 ubuntu kernel: tsc: Detected 2112.004 MHz processor
2025-07-22T00:38:07.442242+00:00 ubuntu kernel: e820: update [mem 0x00000000-0x00000fff] usable ==> reserved
2025-07-22T00:38:07.442242+00:00 ubuntu kernel: e820: remove [mem 0x000a0000-0x000fffff] usable
2025-07-22T00:38:07.442243+00:00 ubuntu kernel: last_pfn = 0x2b7200 max_arch_pfn = 0x400000000
2025-07-22T00:38:07.442243+00:00 ubuntu kernel: MTRR map: 3 entries (3 fixed + 0 variable; max 19), built from 8 variable MTRRs
2025-07-22T00:38:07.442243+00:00 ubuntu kernel: x86/PAT: Configuration [0-7]: WB  WC  UC- UC  WB  WP  UC- WT  
2025-07-22T00:38:07.442267+00:00 ubuntu kernel: CPU MTRRs all blank - virtualized system.
2025-07-22T00:38:07.442270+00:00 ubuntu kernel: last_pfn = 0xdfff0 max_arch_pfn = 0x400000000
2025-07-22T00:38:07.442271+00:00 ubuntu kernel: found SMP MP-table at [mem 0x0009fbf0-0x0009fbff]
2025-07-22T00:38:07.442272+00:00 ubuntu kernel: RAMDISK: [mem 0x2f5bd000-0x33ad5fff]
2025-07-22T00:38:07.442272+00:00 ubuntu kernel: ACPI: Early table checksum verification disabled
2025-07-22T00:38:07.442273+00:00 ubuntu kernel: ACPI: RSDP 0x00000000000E0000 000024 (v02 VBOX  )
2025-07-22T00:38:07.442304+00:00 ubuntu kernel: ACPI: XSDT 0x00000000DFFF0030 00003C (v01 VBOX   VBOXXSDT 00000001 ASL  00000061)
2025-07-22T00:38:07.442307+00:00 ubuntu kernel: ACPI: FACP 0x00000000DFFF00F0 0000F4 (v04 VBOX   VBOXFACP 00000001 ASL  00000061)
2025-07-22T00:38:07.442309+00:00 ubuntu kernel: ACPI: DSDT 0x00000000DFFF0620 002353 (v02 VBOX   VBOXBIOS 00000002 INTL 20100528)
2025-07-22T00:38:07.442309+00:00 ubuntu kernel: ACPI: FACS 0x00000000DFFF0200 000040
2025-07-22T00:38:07.442310+00:00 ubuntu kernel: ACPI: FACS 0x00000000DFFF0200 000040
2025-07-22T00:38:07.442313+00:00 ubuntu kernel: ACPI: APIC 0x00000000DFFF0240 00006C (v02 VBOX   VBOXAPIC 00000001 ASL  00000061)
2025-07-22T00:38:07.442343+00:00 ubuntu kernel: ACPI: SSDT 0x00000000DFFF02B0 00036C (v01 VBOX   VBOXCPUT 00000002 INTL 20100528)
2025-07-22T00:38:07.442346+00:00 ubuntu kernel: ACPI: Reserving FACP table memory at [mem 0xdfff00f0-0xdfff01e3]
2025-07-22T00:38:07.442347+00:00 ubuntu kernel: ACPI: Reserving DSDT table memory at [mem 0xdfff0620-0xdfff2972]
2025-07-22T00:38:07.442348+00:00 ubuntu kernel: ACPI: Reserving FACS table memory at [mem 0xdfff0200-0xdfff023f]
2025-07-22T00:38:07.442349+00:00 ubuntu kernel: ACPI: Reserving FACS table memory at [mem 0xdfff0200-0xdfff023f]
2025-07-22T00:38:07.442350+00:00 ubuntu kernel: ACPI: Reserving APIC table memory at [mem 0xdfff0240-0xdfff02ab]
2025-07-22T00:38:07.442383+00:00 ubuntu kernel: ACPI: Reserving SSDT table memory at [mem 0xdfff02b0-0xdfff061b]
2025-07-22T00:38:07.442385+00:00 ubuntu kernel: No NUMA configuration found
2025-07-22T00:38:07.442386+00:00 ubuntu kernel: Faking a node at [mem 0x0000000000000000-0x00000002b71fffff]
2025-07-22T00:38:07.442387+00:00 ubuntu kernel: NODE_DATA(0) allocated [mem 0x2b71cf000-0x2b71f9fff]
2025-07-22T00:38:07.442387+00:00 ubuntu kernel: Zone ranges:
2025-07-22T00:38:07.442387+00:00 ubuntu kernel:   DMA      [mem 0x0000000000001000-0x0000000000ffffff]
2025-07-22T00:38:07.442388+00:00 ubuntu kernel:   DMA32    [mem 0x0000000001000000-0x00000000ffffffff]
2025-07-22T00:38:07.442413+00:00 ubuntu kernel:   Normal   [mem 0x0000000100000000-0x00000002b71fffff]
2025-07-22T00:38:07.442415+00:00 ubuntu kernel:   Device   empty
2025-07-22T00:38:07.442416+00:00 ubuntu kernel: Movable zone start for each node
2025-07-22T00:38:07.442417+00:00 ubuntu kernel: Early memory node ranges
2025-07-22T00:38:07.442417+00:00 ubuntu kernel:   node   0: [mem 0x0000000000001000-0x000000000009efff]
2025-07-22T00:38:07.442418+00:00 ubuntu kernel:   node   0: [mem 0x0000000000100000-0x00000000dffeffff]
2025-07-22T00:38:07.442442+00:00 ubuntu kernel:   node   0: [mem 0x0000000100000000-0x00000002b71fffff]
2025-07-22T00:38:07.442444+00:00 ubuntu kernel: Initmem setup node 0 [mem 0x0000000000001000-0x00000002b71fffff]
2025-07-22T00:38:07.442445+00:00 ubuntu kernel: On node 0, zone DMA: 1 pages in unavailable ranges
2025-07-22T00:38:07.442446+00:00 ubuntu kernel: On node 0, zone DMA: 97 pages in unavailable ranges
2025-07-22T00:38:07.442446+00:00 ubuntu kernel: On node 0, zone Normal: 16 pages in unavailable ranges
2025-07-22T00:38:07.442446+00:00 ubuntu kernel: On node 0, zone Normal: 3584 pages in unavailable ranges
2025-07-22T00:38:07.442447+00:00 ubuntu kernel: ACPI: PM-Timer IO Port: 0x4008
2025-07-22T00:38:07.442471+00:00 ubuntu kernel: IOAPIC[0]: apic_id 4, version 32, address 0xfec00000, GSI 0-23
2025-07-22T00:38:07.442473+00:00 ubuntu kernel: ACPI: INT_SRC_OVR (bus 0 bus_irq 0 global_irq 2 dfl dfl)
2025-07-22T00:38:07.442474+00:00 ubuntu kernel: ACPI: INT_SRC_OVR (bus 0 bus_irq 9 global_irq 9 low level)
2025-07-22T00:38:07.442474+00:00 ubuntu kernel: ACPI: Using ACPI (MADT) for SMP configuration information
2025-07-22T00:38:07.442475+00:00 ubuntu kernel: smpboot: Allowing 4 CPUs, 0 hotplug CPUs
2025-07-22T00:38:07.442475+00:00 ubuntu kernel: PM: hibernation: Registered nosave memory: [mem 0x00000000-0x00000fff]
2025-07-22T00:38:07.442499+00:00 ubuntu kernel: PM: hibernation: Registered nosave memory: [mem 0x0009f000-0x0009ffff]
2025-07-22T00:38:07.442501+00:00 ubuntu kernel: PM: hibernation: Registered nosave memory: [mem 0x000a0000-0x000effff]
2025-07-22T00:38:07.442502+00:00 ubuntu kernel: PM: hibernation: Registered nosave memory: [mem 0x000f0000-0x000fffff]
2025-07-22T00:38:07.442503+00:00 ubuntu kernel: PM: hibernation: Registered nosave memory: [mem 0xdfff0000-0xdfffffff]
2025-07-22T00:38:07.442503+00:00 ubuntu kernel: PM: hibernation: Registered nosave memory: [mem 0xe0000000-0xfebfffff]
2025-07-22T00:38:07.442503+00:00 ubuntu kernel: PM: hibernation: Registered nosave memory: [mem 0xfec00000-0xfec00fff]
2025-07-22T00:38:07.442527+00:00 ubuntu kernel: PM: hibernation: Registered nosave memory: [mem 0xfec01000-0xfedfffff]
2025-07-22T00:38:07.442529+00:00 ubuntu kernel: PM: hibernation: Registered nosave memory: [mem 0xfee00000-0xfee00fff]
2025-07-22T00:38:07.442530+00:00 ubuntu kernel: PM: hibernation: Registered nosave memory: [mem 0xfee01000-0xfffbffff]
2025-07-22T00:38:07.442531+00:00 ubuntu kernel: PM: hibernation: Registered nosave memory: [mem 0xfffc0000-0xffffffff]
2025-07-22T00:38:07.442531+00:00 ubuntu kernel: [mem 0xe0000000-0xfebfffff] available for PCI devices
2025-07-22T00:38:07.442532+00:00 ubuntu kernel: Booting paravirtualized kernel on KVM
2025-07-22T00:38:07.442532+00:00 ubuntu kernel: clocksource: refined-jiffies: mask: 0xffffffff max_cycles: 0xffffffff, max_idle_ns: 1910969940391419 ns
2025-07-22T00:38:07.442556+00:00 ubuntu kernel: setup_percpu: NR_CPUS:8192 nr_cpumask_bits:4 nr_cpu_ids:4 nr_node_ids:1
2025-07-22T00:38:07.442558+00:00 ubuntu kernel: percpu: Embedded 86 pages/cpu s229376 r8192 d114688 u524288
2025-07-22T00:38:07.442559+00:00 ubuntu kernel: pcpu-alloc: s229376 r8192 d114688 u524288 alloc=1*2097152
2025-07-22T00:38:07.442559+00:00 ubuntu kernel: pcpu-alloc: [0] 0 1 2 3 
2025-07-22T00:38:07.442560+00:00 ubuntu kernel: kvm-guest: PV spinlocks enabled
2025-07-22T00:38:07.442560+00:00 ubuntu kernel: PV qspinlock hash table entries: 256 (order: 0, 4096 bytes, linear)
2025-07-22T00:38:07.442583+00:00 ubuntu kernel: Kernel command line: BOOT_IMAGE=/boot/vmlinuz-6.8.0-63-generic root=UUID=1146e309-5dfb-4d99-b26d-540d8942d467 ro quiet splash noprompt noshell automatic-ubiquity debian-installer/locale=en_US keyboard-configuration/layoutcode=us languagechooser/language-name=English localechooser/supported-locales=en_US.UTF-8 countrychooser/shortlist=IN --
2025-07-22T00:38:07.442586+00:00 ubuntu kernel: Unknown kernel command line parameters "splash noprompt noshell automatic-ubiquity BOOT_IMAGE=/boot/vmlinuz-6.8.0-63-generic debian-installer/locale=en_US keyboard-configuration/layoutcode=us languagechooser/language-name=English localechooser/supported-locales=en_US.UTF-8 countrychooser/shortlist=IN", will be passed to user space.
2025-07-22T00:38:07.442632+00:00 ubuntu kernel: random: crng init done
2025-07-22T00:38:07.442634+00:00 ubuntu kernel: Dentry cache hash table entries: 2097152 (order: 12, 16777216 bytes, linear)
2025-07-22T00:38:07.442634+00:00 ubuntu kernel: Inode-cache hash table entries: 1048576 (order: 11, 8388608 bytes, linear)
2025-07-22T00:38:07.442660+00:00 ubuntu kernel: Fallback order for Node 0: 0 
2025-07-22T00:38:07.442662+00:00 ubuntu kernel: Built 1 zonelists, mobility grouping on.  Total pages: 2673448
2025-07-22T00:38:07.442663+00:00 ubuntu kernel: Policy zone: Normal
2025-07-22T00:38:07.442663+00:00 ubuntu kernel: mem auto-init: stack:all(zero), heap alloc:on, heap free:off
2025-07-22T00:38:07.442663+00:00 ubuntu kernel: software IO TLB: area num 4.
2025-07-22T00:38:07.442664+00:00 ubuntu kernel: Memory: 10476692K/10864184K available (22528K kernel code, 4441K rwdata, 14376K rodata, 5000K init, 4708K bss, 387232K reserved, 0K cma-reserved)
2025-07-22T00:38:07.442690+00:00 ubuntu kernel: SLUB: HWalign=64, Order=0-3, MinObjects=0, CPUs=4, Nodes=1
2025-07-22T00:38:07.442692+00:00 ubuntu kernel: ftrace: allocating 58164 entries in 228 pages
2025-07-22T00:38:07.442693+00:00 ubuntu kernel: ftrace: allocated 228 pages with 4 groups
2025-07-22T00:38:07.442693+00:00 ubuntu kernel: Dynamic Preempt: voluntary
2025-07-22T00:38:07.442694+00:00 ubuntu kernel: rcu: Preemptible hierarchical RCU implementation.
2025-07-22T00:38:07.442694+00:00 ubuntu kernel: rcu: 	RCU restricting CPUs from NR_CPUS=8192 to nr_cpu_ids=4.
2025-07-22T00:38:07.442694+00:00 ubuntu kernel: 	Trampoline variant of Tasks RCU enabled.
2025-07-22T00:38:07.442718+00:00 ubuntu kernel: 	Rude variant of Tasks RCU enabled.
2025-07-22T00:38:07.442721+00:00 ubuntu kernel: 	Tracing variant of Tasks RCU enabled.
2025-07-22T00:38:07.442722+00:00 ubuntu kernel: rcu: RCU calculated value of scheduler-enlistment delay is 100 jiffies.
2025-07-22T00:38:07.442722+00:00 ubuntu kernel: rcu: Adjusting geometry for rcu_fanout_leaf=16, nr_cpu_ids=4
2025-07-22T00:38:07.442723+00:00 ubuntu kernel: NR_IRQS: 524544, nr_irqs: 456, preallocated irqs: 16
2025-07-22T00:38:07.442723+00:00 ubuntu kernel: rcu: srcu_init: Setting srcu_struct sizes based on contention.
2025-07-22T00:38:07.442749+00:00 ubuntu kernel: Console: colour VGA+ 80x25
2025-07-22T00:38:07.442752+00:00 ubuntu kernel: printk: legacy console [tty0] enabled
2025-07-22T00:38:07.442752+00:00 ubuntu kernel: ACPI: Core revision 20230628
2025-07-22T00:38:07.442753+00:00 ubuntu kernel: APIC: Switch to symmetric I/O mode setup
2025-07-22T00:38:07.442753+00:00 ubuntu kernel: ..TIMER: vector=0x30 apic1=0 pin1=2 apic2=-1 pin2=-1
2025-07-22T00:38:07.442753+00:00 ubuntu kernel: clocksource: tsc-early: mask: 0xffffffffffffffff max_cycles: 0x1e717c37157, max_idle_ns: 440795284133 ns
2025-07-22T00:38:07.442777+00:00 ubuntu kernel: Calibrating delay loop (skipped) preset value.. 4224.00 BogoMIPS (lpj=2112004)
2025-07-22T00:38:07.442780+00:00 ubuntu kernel: Last level iTLB entries: 4KB 64, 2MB 8, 4MB 8
2025-07-22T00:38:07.442780+00:00 ubuntu kernel: Last level dTLB entries: 4KB 64, 2MB 0, 4MB 0, 1GB 4
2025-07-22T00:38:07.442781+00:00 ubuntu kernel: Spectre V1 : Mitigation: usercopy/swapgs barriers and __user pointer sanitization
2025-07-22T00:38:07.442781+00:00 ubuntu kernel: Spectre V2 : Spectre BHI mitigation: SW BHB clearing on vm exit
2025-07-22T00:38:07.442782+00:00 ubuntu kernel: Spectre V2 : Spectre BHI mitigation: SW BHB clearing on syscall
2025-07-22T00:38:07.442782+00:00 ubuntu kernel: Spectre V2 : Mitigation: Enhanced / Automatic IBRS
2025-07-22T00:38:07.442806+00:00 ubuntu kernel: Spectre V2 : Spectre v2 / SpectreRSB mitigation: Filling RSB on context switch
2025-07-22T00:38:07.442808+00:00 ubuntu kernel: Spectre V2 : Spectre v2 / PBRSB-eIBRS: Retire a single CALL on VMEXIT
2025-07-22T00:38:07.442809+00:00 ubuntu kernel: RETBleed: Mitigation: Enhanced IBRS
2025-07-22T00:38:07.442809+00:00 ubuntu kernel: Speculative Store Bypass: Vulnerable
2025-07-22T00:38:07.442810+00:00 ubuntu kernel: TAA: Mitigation: TSX disabled
2025-07-22T00:38:07.442810+00:00 ubuntu kernel: MMIO Stale Data: Mitigation: Clear CPU buffers
2025-07-22T00:38:07.442833+00:00 ubuntu kernel: SRBDS: Unknown: Dependent on hypervisor status
2025-07-22T00:38:07.442836+00:00 ubuntu kernel: x86/fpu: x87 FPU will use FXSAVE
2025-07-22T00:38:07.442837+00:00 ubuntu kernel: Freeing SMP alternatives memory: 48K
2025-07-22T00:38:07.442837+00:00 ubuntu kernel: pid_max: default: 32768 minimum: 301
2025-07-22T00:38:07.442838+00:00 ubuntu kernel: LSM: initializing lsm=lockdown,capability,landlock,yama,apparmor,integrity
2025-07-22T00:38:07.442838+00:00 ubuntu kernel: landlock: Up and running.
2025-07-22T00:38:07.442838+00:00 ubuntu kernel: Yama: becoming mindful.
2025-07-22T00:38:07.442865+00:00 ubuntu kernel: AppArmor: AppArmor initialized
2025-07-22T00:38:07.442868+00:00 ubuntu kernel: Mount-cache hash table entries: 32768 (order: 6, 262144 bytes, linear)
2025-07-22T00:38:07.442869+00:00 ubuntu kernel: Mountpoint-cache hash table entries: 32768 (order: 6, 262144 bytes, linear)
2025-07-22T00:38:07.442870+00:00 ubuntu kernel: smpboot: CPU0: Intel(R) Core(TM) i7-8665U CPU @ 1.90GHz (family: 0x6, model: 0x8e, stepping: 0xc)
2025-07-22T00:38:07.442871+00:00 ubuntu kernel: RCU Tasks: Setting shift to 2 and lim to 1 rcu_task_cb_adjust=1 rcu_task_cpu_ids=4.
2025-07-22T00:38:07.442871+00:00 ubuntu kernel: RCU Tasks Rude: Setting shift to 2 and lim to 1 rcu_task_cb_adjust=1 rcu_task_cpu_ids=4.
2025-07-22T00:38:07.442905+00:00 ubuntu kernel: RCU Tasks Trace: Setting shift to 2 and lim to 1 rcu_task_cb_adjust=1 rcu_task_cpu_ids=4.
2025-07-22T00:38:07.442908+00:00 ubuntu kernel: Performance Events: unsupported p6 CPU model 142 no PMU driver, software events only.
2025-07-22T00:38:07.442909+00:00 ubuntu kernel: signal: max sigframe size: 1440
2025-07-22T00:38:07.442910+00:00 ubuntu kernel: rcu: Hierarchical SRCU implementation.
2025-07-22T00:38:07.442910+00:00 ubuntu kernel: rcu: 	Max phase no-delay instances is 400.
2025-07-22T00:38:07.442911+00:00 ubuntu kernel: NMI watchdog: Perf NMI watchdog permanently disabled
2025-07-22T00:38:07.442942+00:00 ubuntu kernel: smp: Bringing up secondary CPUs ...
2025-07-22T00:38:07.442944+00:00 ubuntu kernel: smpboot: x86: Booting SMP configuration:
2025-07-22T00:38:07.442945+00:00 ubuntu kernel: .... node  #0, CPUs:      #1 #2 #3
2025-07-22T00:38:07.442946+00:00 ubuntu kernel: TSC synchronization [CPU#0 -> CPU#1]:
2025-07-22T00:38:07.442946+00:00 ubuntu kernel: Measured 67700 cycles TSC warp between CPUs, turning off TSC clock.
2025-07-22T00:38:07.442947+00:00 ubuntu kernel: tsc: Marking TSC unstable due to check_tsc_sync_source failed
2025-07-22T00:38:07.442947+00:00 ubuntu kernel: smp: Brought up 1 node, 4 CPUs
2025-07-22T00:38:07.442970+00:00 ubuntu kernel: smpboot: Max logical packages: 1
2025-07-22T00:38:07.442972+00:00 ubuntu kernel: smpboot: Total of 4 processors activated (16896.03 BogoMIPS)
2025-07-22T00:38:07.442973+00:00 ubuntu kernel: devtmpfs: initialized
2025-07-22T00:38:07.442974+00:00 ubuntu kernel: x86/mm: Memory block size: 128MB
2025-07-22T00:38:07.442974+00:00 ubuntu kernel: clocksource: jiffies: mask: 0xffffffff max_cycles: 0xffffffff, max_idle_ns: 1911260446275000 ns
2025-07-22T00:38:07.442975+00:00 ubuntu kernel: futex hash table entries: 1024 (order: 4, 65536 bytes, linear)
2025-07-22T00:38:07.442997+00:00 ubuntu kernel: pinctrl core: initialized pinctrl subsystem
2025-07-22T00:38:07.442999+00:00 ubuntu kernel: PM: RTC time: 00:37:56, date: 2025-07-22
2025-07-22T00:38:07.443000+00:00 ubuntu kernel: NET: Registered PF_NETLINK/PF_ROUTE protocol family
2025-07-22T00:38:07.443000+00:00 ubuntu kernel: DMA: preallocated 2048 KiB GFP_KERNEL pool for atomic allocations
2025-07-22T00:38:07.443001+00:00 ubuntu kernel: DMA: preallocated 2048 KiB GFP_KERNEL|GFP_DMA pool for atomic allocations
2025-07-22T00:38:07.443001+00:00 ubuntu kernel: DMA: preallocated 2048 KiB GFP_KERNEL|GFP_DMA32 pool for atomic allocations
2025-07-22T00:38:07.443001+00:00 ubuntu kernel: audit: initializing netlink subsys (disabled)
2025-07-22T00:38:07.443023+00:00 ubuntu kernel: audit: type=2000 audit(1753144686.444:1): state=initialized audit_enabled=0 res=1
2025-07-22T00:38:07.443025+00:00 ubuntu kernel: thermal_sys: Registered thermal governor 'fair_share'
2025-07-22T00:38:07.443026+00:00 ubuntu kernel: thermal_sys: Registered thermal governor 'bang_bang'
2025-07-22T00:38:07.443027+00:00 ubuntu kernel: thermal_sys: Registered thermal governor 'step_wise'
2025-07-22T00:38:07.443027+00:00 ubuntu kernel: thermal_sys: Registered thermal governor 'user_space'
2025-07-22T00:38:07.443028+00:00 ubuntu kernel: thermal_sys: Registered thermal governor 'power_allocator'
2025-07-22T00:38:07.443049+00:00 ubuntu kernel: EISA bus registered
2025-07-22T00:38:07.443052+00:00 ubuntu kernel: cpuidle: using governor ladder
2025-07-22T00:38:07.443052+00:00 ubuntu kernel: cpuidle: using governor menu
2025-07-22T00:38:07.443053+00:00 ubuntu kernel: acpiphp: ACPI Hot Plug PCI Controller Driver version: 0.5
2025-07-22T00:38:07.443053+00:00 ubuntu kernel: PCI: Using configuration type 1 for base access
2025-07-22T00:38:07.443054+00:00 ubuntu kernel: mtrr: your CPUs had inconsistent variable MTRR settings
2025-07-22T00:38:07.443075+00:00 ubuntu kernel: mtrr: probably your BIOS does not setup all CPUs.
2025-07-22T00:38:07.443077+00:00 ubuntu kernel: mtrr: corrected configuration.
2025-07-22T00:38:07.443078+00:00 ubuntu kernel: kprobes: kprobe jump-optimization is enabled. All kprobes are optimized if possible.
2025-07-22T00:38:07.443079+00:00 ubuntu kernel: HugeTLB: registered 2.00 MiB page size, pre-allocated 0 pages
2025-07-22T00:38:07.443079+00:00 ubuntu kernel: HugeTLB: 28 KiB vmemmap can be freed for a 2.00 MiB page
2025-07-22T00:38:07.443080+00:00 ubuntu kernel: ACPI: Added _OSI(Module Device)
2025-07-22T00:38:07.443080+00:00 ubuntu kernel: ACPI: Added _OSI(Processor Device)
2025-07-22T00:38:07.443102+00:00 ubuntu kernel: ACPI: Added _OSI(3.0 _SCP Extensions)
2025-07-22T00:38:07.443104+00:00 ubuntu kernel: ACPI: Added _OSI(Processor Aggregator Device)
2025-07-22T00:38:07.443105+00:00 ubuntu kernel: ACPI: 2 ACPI AML tables successfully acquired and loaded
2025-07-22T00:38:07.443105+00:00 ubuntu kernel: ACPI: _OSC evaluation for CPUs failed, trying _PDC
2025-07-22T00:38:07.443106+00:00 ubuntu kernel: ACPI: Interpreter enabled
2025-07-22T00:38:07.443106+00:00 ubuntu kernel: ACPI: PM: (supports S0 S5)
2025-07-22T00:38:07.443135+00:00 ubuntu kernel: ACPI: Using IOAPIC for interrupt routing
2025-07-22T00:38:07.443137+00:00 ubuntu kernel: PCI: Using host bridge windows from ACPI; if necessary, use "pci=nocrs" and report a bug
2025-07-22T00:38:07.443138+00:00 ubuntu kernel: PCI: Using E820 reservations for host bridge windows
2025-07-22T00:38:07.443139+00:00 ubuntu kernel: ACPI: Enabled 2 GPEs in block 00 to 07
2025-07-22T00:38:07.443139+00:00 ubuntu kernel: ACPI: PCI Root Bridge [PCI0] (domain 0000 [bus 00-ff])
2025-07-22T00:38:07.443139+00:00 ubuntu kernel: acpi PNP0A03:00: _OSC: OS supports [ASPM ClockPM Segments MSI EDR HPX-Type3]
2025-07-22T00:38:07.443140+00:00 ubuntu kernel: acpi PNP0A03:00: _OSC: not requesting OS control; OS requires [ExtendedConfig ASPM ClockPM MSI]
2025-07-22T00:38:07.443474+00:00 ubuntu kernel: acpi PNP0A03:00: fail to add MMCONFIG information, can't access extended configuration space under this bridge
2025-07-22T00:38:07.443526+00:00 ubuntu kernel: PCI host bridge to bus 0000:00
2025-07-22T00:38:07.443527+00:00 ubuntu kernel: pci_bus 0000:00: root bus resource [io  0x0000-0x0cf7 window]
2025-07-22T00:38:07.443527+00:00 ubuntu kernel: pci_bus 0000:00: root bus resource [io  0x0d00-0xffff window]
2025-07-22T00:38:07.443527+00:00 ubuntu kernel: pci_bus 0000:00: root bus resource [mem 0x000a0000-0x000bffff window]
2025-07-22T00:38:07.443528+00:00 ubuntu kernel: pci_bus 0000:00: root bus resource [mem 0xe0000000-0xfdffffff window]
2025-07-22T00:38:07.443558+00:00 ubuntu kernel: pci_bus 0000:00: root bus resource [bus 00-ff]
2025-07-22T00:38:07.443561+00:00 ubuntu kernel: pci 0000:00:00.0: [8086:1237] type 00 class 0x060000 conventional PCI endpoint
2025-07-22T00:38:07.443562+00:00 ubuntu kernel: pci 0000:00:01.0: [8086:7000] type 00 class 0x060100 conventional PCI endpoint
2025-07-22T00:38:07.443562+00:00 ubuntu kernel: pci 0000:00:01.1: [8086:7111] type 00 class 0x01018a conventional PCI endpoint
2025-07-22T00:38:07.443563+00:00 ubuntu kernel: pci 0000:00:01.1: BAR 4 [io  0xd000-0xd00f]
2025-07-22T00:38:07.443563+00:00 ubuntu kernel: pci 0000:00:01.1: BAR 0 [io  0x01f0-0x01f7]: legacy IDE quirk
2025-07-22T00:38:07.443591+00:00 ubuntu kernel: pci 0000:00:01.1: BAR 1 [io  0x03f6]: legacy IDE quirk
2025-07-22T00:38:07.443593+00:00 ubuntu kernel: pci 0000:00:01.1: BAR 2 [io  0x0170-0x0177]: legacy IDE quirk
2025-07-22T00:38:07.443594+00:00 ubuntu kernel: pci 0000:00:01.1: BAR 3 [io  0x0376]: legacy IDE quirk
2025-07-22T00:38:07.443594+00:00 ubuntu kernel: pci 0000:00:02.0: [15ad:0405] type 00 class 0x030000 conventional PCI endpoint
2025-07-22T00:38:07.443595+00:00 ubuntu kernel: pci 0000:00:02.0: BAR 0 [io  0xd010-0xd01f]
2025-07-22T00:38:07.443595+00:00 ubuntu kernel: pci 0000:00:02.0: BAR 1 [mem 0xe0000000-0xe0ffffff pref]
2025-07-22T00:38:07.443595+00:00 ubuntu kernel: pci 0000:00:02.0: BAR 2 [mem 0xf0000000-0xf01fffff]
2025-07-22T00:38:07.443622+00:00 ubuntu kernel: pci 0000:00:02.0: Video device with shadowed ROM at [mem 0x000c0000-0x000dffff]
2025-07-22T00:38:07.443624+00:00 ubuntu kernel: pci 0000:00:03.0: [8086:100e] type 00 class 0x020000 conventional PCI endpoint
2025-07-22T00:38:07.443625+00:00 ubuntu kernel: pci 0000:00:03.0: BAR 0 [mem 0xf0200000-0xf021ffff]
2025-07-22T00:38:07.443626+00:00 ubuntu kernel: pci 0000:00:03.0: BAR 2 [io  0xd020-0xd027]
2025-07-22T00:38:07.443626+00:00 ubuntu kernel: pci 0000:00:04.0: [80ee:cafe] type 00 class 0x088000 conventional PCI endpoint
2025-07-22T00:38:07.443627+00:00 ubuntu kernel: pci 0000:00:04.0: BAR 0 [io  0xd040-0xd05f]
2025-07-22T00:38:07.443653+00:00 ubuntu kernel: pci 0000:00:04.0: BAR 1 [mem 0xf0400000-0xf07fffff]
2025-07-22T00:38:07.443655+00:00 ubuntu kernel: pci 0000:00:04.0: BAR 2 [mem 0xf0800000-0xf0803fff pref]
2025-07-22T00:38:07.443656+00:00 ubuntu kernel: pci 0000:00:05.0: [8086:2415] type 00 class 0x040100 conventional PCI endpoint
2025-07-22T00:38:07.443656+00:00 ubuntu kernel: pci 0000:00:05.0: BAR 0 [io  0xd100-0xd1ff]
2025-07-22T00:38:07.443657+00:00 ubuntu kernel: pci 0000:00:05.0: BAR 1 [io  0xd200-0xd23f]
2025-07-22T00:38:07.443657+00:00 ubuntu kernel: pci 0000:00:06.0: [106b:003f] type 00 class 0x0c0310 conventional PCI endpoint
2025-07-22T00:38:07.443683+00:00 ubuntu kernel: pci 0000:00:06.0: BAR 0 [mem 0xf0804000-0xf0804fff]
2025-07-22T00:38:07.443686+00:00 ubuntu kernel: pci 0000:00:07.0: [8086:7113] type 00 class 0x068000 conventional PCI endpoint
2025-07-22T00:38:07.443686+00:00 ubuntu kernel: pci 0000:00:07.0: quirk: [io  0x4000-0x403f] claimed by PIIX4 ACPI
2025-07-22T00:38:07.443687+00:00 ubuntu kernel: pci 0000:00:07.0: quirk: [io  0x4100-0x410f] claimed by PIIX4 SMB
2025-07-22T00:38:07.443688+00:00 ubuntu kernel: pci 0000:00:0b.0: [8086:265c] type 00 class 0x0c0320 conventional PCI endpoint
2025-07-22T00:38:07.443688+00:00 ubuntu kernel: pci 0000:00:0b.0: BAR 0 [mem 0xf0805000-0xf0805fff]
2025-07-22T00:38:07.443688+00:00 ubuntu kernel: pci 0000:00:0d.0: [8086:2829] type 00 class 0x010601 conventional PCI endpoint
2025-07-22T00:38:07.443714+00:00 ubuntu kernel: pci 0000:00:0d.0: BAR 0 [io  0xd240-0xd247]
2025-07-22T00:38:07.443717+00:00 ubuntu kernel: pci 0000:00:0d.0: BAR 1 [io  0xd248-0xd24b]
2025-07-22T00:38:07.443717+00:00 ubuntu kernel: pci 0000:00:0d.0: BAR 2 [io  0xd250-0xd257]
2025-07-22T00:38:07.443718+00:00 ubuntu kernel: pci 0000:00:0d.0: BAR 3 [io  0xd258-0xd25b]
2025-07-22T00:38:07.443718+00:00 ubuntu kernel: pci 0000:00:0d.0: BAR 4 [io  0xd260-0xd26f]
2025-07-22T00:38:07.443719+00:00 ubuntu kernel: pci 0000:00:0d.0: BAR 5 [mem 0xf0806000-0xf0807fff]
2025-07-22T00:38:07.443754+00:00 ubuntu kernel: ACPI: PCI: Interrupt link LNKA configured for IRQ 11
2025-07-22T00:38:07.443757+00:00 ubuntu kernel: ACPI: PCI: Interrupt link LNKB configured for IRQ 10
2025-07-22T00:38:07.443757+00:00 ubuntu kernel: ACPI: PCI: Interrupt link LNKC configured for IRQ 9
2025-07-22T00:38:07.443758+00:00 ubuntu kernel: ACPI: PCI: Interrupt link LNKD configured for IRQ 11
2025-07-22T00:38:07.443758+00:00 ubuntu kernel: iommu: Default domain type: Translated
2025-07-22T00:38:07.443759+00:00 ubuntu kernel: iommu: DMA domain TLB invalidation policy: lazy mode
2025-07-22T00:38:07.443759+00:00 ubuntu kernel: SCSI subsystem initialized
2025-07-22T00:38:07.443792+00:00 ubuntu kernel: libata version 3.00 loaded.
2025-07-22T00:38:07.443794+00:00 ubuntu kernel: ACPI: bus type USB registered
2025-07-22T00:38:07.443795+00:00 ubuntu kernel: usbcore: registered new interface driver usbfs
2025-07-22T00:38:07.443795+00:00 ubuntu kernel: usbcore: registered new interface driver hub
2025-07-22T00:38:07.443796+00:00 ubuntu kernel: usbcore: registered new device driver usb
2025-07-22T00:38:07.443796+00:00 ubuntu kernel: pps_core: LinuxPPS API ver. 1 registered
2025-07-22T00:38:07.443822+00:00 ubuntu kernel: pps_core: Software ver. 5.3.6 - Copyright 2005-2007 Rodolfo Giometti <giometti@linux.it>
2025-07-22T00:38:07.443825+00:00 ubuntu kernel: PTP clock support registered
2025-07-22T00:38:07.443827+00:00 ubuntu kernel: EDAC MC: Ver: 3.0.0
2025-07-22T00:38:07.443827+00:00 ubuntu kernel: NetLabel: Initializing
2025-07-22T00:38:07.443828+00:00 ubuntu kernel: NetLabel:  domain hash size = 128
2025-07-22T00:38:07.443829+00:00 ubuntu kernel: NetLabel:  protocols = UNLABELED CIPSOv4 CALIPSO
2025-07-22T00:38:07.443864+00:00 ubuntu kernel: NetLabel:  unlabeled traffic allowed by default
2025-07-22T00:38:07.444198+00:00 ubuntu kernel: mctp: management component transport protocol core
2025-07-22T00:38:07.444200+00:00 ubuntu kernel: NET: Registered PF_MCTP protocol family
2025-07-22T00:38:07.444201+00:00 ubuntu kernel: PCI: Using ACPI for IRQ routing
2025-07-22T00:38:07.444202+00:00 ubuntu kernel: PCI: pci_cache_line_size set to 64 bytes
2025-07-22T00:38:07.444202+00:00 ubuntu kernel: e820: reserve RAM buffer [mem 0x0009fc00-0x0009ffff]
2025-07-22T00:38:07.444203+00:00 ubuntu kernel: e820: reserve RAM buffer [mem 0xdfff0000-0xdfffffff]
2025-07-22T00:38:07.444241+00:00 ubuntu kernel: e820: reserve RAM buffer [mem 0x2b7200000-0x2b7ffffff]
2025-07-22T00:38:07.444244+00:00 ubuntu kernel: pci 0000:00:02.0: vgaarb: setting as boot VGA device
2025-07-22T00:38:07.444245+00:00 ubuntu kernel: pci 0000:00:02.0: vgaarb: bridge control possible
2025-07-22T00:38:07.444246+00:00 ubuntu kernel: pci 0000:00:02.0: vgaarb: VGA device added: decodes=io+mem,owns=io+mem,locks=none
2025-07-22T00:38:07.444247+00:00 ubuntu kernel: vgaarb: loaded
2025-07-22T00:38:07.444248+00:00 ubuntu kernel: clocksource: Switched to clocksource kvm-clock
2025-07-22T00:38:07.444279+00:00 ubuntu kernel: VFS: Disk quotas dquot_6.6.0
2025-07-22T00:38:07.444281+00:00 ubuntu kernel: VFS: Dquot-cache hash table entries: 512 (order 0, 4096 bytes)
2025-07-22T00:38:07.444282+00:00 ubuntu kernel: AppArmor: AppArmor Filesystem Enabled
2025-07-22T00:38:07.444283+00:00 ubuntu kernel: pnp: PnP ACPI init
2025-07-22T00:38:07.444283+00:00 ubuntu kernel: pnp: PnP ACPI: found 2 devices
2025-07-22T00:38:07.444283+00:00 ubuntu kernel: clocksource: acpi_pm: mask: 0xffffff max_cycles: 0xffffff, max_idle_ns: 2085701024 ns
2025-07-22T00:38:07.444284+00:00 ubuntu kernel: NET: Registered PF_INET protocol family
2025-07-22T00:38:07.444311+00:00 ubuntu kernel: IP idents hash table entries: 262144 (order: 9, 2097152 bytes, linear)
2025-07-22T00:38:07.444314+00:00 ubuntu kernel: tcp_listen_portaddr_hash hash table entries: 8192 (order: 5, 131072 bytes, linear)
2025-07-22T00:38:07.444315+00:00 ubuntu kernel: Table-perturb hash table entries: 65536 (order: 6, 262144 bytes, linear)
2025-07-22T00:38:07.444315+00:00 ubuntu kernel: TCP established hash table entries: 131072 (order: 8, 1048576 bytes, linear)
2025-07-22T00:38:07.444316+00:00 ubuntu kernel: TCP bind hash table entries: 65536 (order: 9, 2097152 bytes, linear)
2025-07-22T00:38:07.444316+00:00 ubuntu kernel: TCP: Hash tables configured (established 131072 bind 65536)
2025-07-22T00:38:07.444345+00:00 ubuntu kernel: MPTCP token hash table entries: 16384 (order: 6, 393216 bytes, linear)
2025-07-22T00:38:07.444347+00:00 ubuntu kernel: UDP hash table entries: 8192 (order: 6, 262144 bytes, linear)
2025-07-22T00:38:07.444348+00:00 ubuntu kernel: UDP-Lite hash table entries: 8192 (order: 6, 262144 bytes, linear)
2025-07-22T00:38:07.444348+00:00 ubuntu kernel: NET: Registered PF_UNIX/PF_LOCAL protocol family
2025-07-22T00:38:07.444348+00:00 ubuntu kernel: NET: Registered PF_XDP protocol family
2025-07-22T00:38:07.444349+00:00 ubuntu kernel: pci_bus 0000:00: resource 4 [io  0x0000-0x0cf7 window]
2025-07-22T00:38:07.444377+00:00 ubuntu kernel: pci_bus 0000:00: resource 5 [io  0x0d00-0xffff window]
2025-07-22T00:38:07.444379+00:00 ubuntu kernel: pci_bus 0000:00: resource 6 [mem 0x000a0000-0x000bffff window]
2025-07-22T00:38:07.444380+00:00 ubuntu kernel: pci_bus 0000:00: resource 7 [mem 0xe0000000-0xfdffffff window]
2025-07-22T00:38:07.444380+00:00 ubuntu kernel: pci 0000:00:00.0: Limiting direct PCI/PCI transfers
2025-07-22T00:38:07.444381+00:00 ubuntu kernel: PCI: CLS 0 bytes, default 64
2025-07-22T00:38:07.444381+00:00 ubuntu kernel: Trying to unpack rootfs image as initramfs...
2025-07-22T00:38:07.444382+00:00 ubuntu kernel: PCI-DMA: Using software bounce buffering for IO (SWIOTLB)
2025-07-22T00:38:07.444408+00:00 ubuntu kernel: software IO TLB: mapped [mem 0x00000000dbff0000-0x00000000dfff0000] (64MB)
2025-07-22T00:38:07.444411+00:00 ubuntu kernel: platform rtc_cmos: registered platform RTC device (no PNP device found)
2025-07-22T00:38:07.444411+00:00 ubuntu kernel: Initialise system trusted keyrings
2025-07-22T00:38:07.444412+00:00 ubuntu kernel: Key type blacklist registered
2025-07-22T00:38:07.444413+00:00 ubuntu kernel: workingset: timestamp_bits=36 max_order=22 bucket_order=0
2025-07-22T00:38:07.444413+00:00 ubuntu kernel: zbud: loaded
2025-07-22T00:38:07.444439+00:00 ubuntu kernel: squashfs: version 4.0 (2009/01/31) Phillip Lougher
2025-07-22T00:38:07.444442+00:00 ubuntu kernel: fuse: init (API version 7.39)
2025-07-22T00:38:07.444442+00:00 ubuntu kernel: integrity: Platform Keyring initialized
2025-07-22T00:38:07.444443+00:00 ubuntu kernel: integrity: Machine keyring initialized
2025-07-22T00:38:07.444443+00:00 ubuntu kernel: Key type asymmetric registered
2025-07-22T00:38:07.444444+00:00 ubuntu kernel: Asymmetric key parser 'x509' registered
2025-07-22T00:38:07.444444+00:00 ubuntu kernel: Block layer SCSI generic (bsg) driver version 0.4 loaded (major 243)
2025-07-22T00:38:07.444517+00:00 ubuntu kernel: io scheduler mq-deadline registered
2025-07-22T00:38:07.444520+00:00 ubuntu kernel: shpchp: Standard Hot Plug PCI Controller Driver version: 0.4
2025-07-22T00:38:07.444520+00:00 ubuntu kernel: ACPI: AC: AC Adapter [AC] (on-line)
2025-07-22T00:38:07.444521+00:00 ubuntu kernel: input: Power Button as /devices/LNXSYSTM:00/LNXPWRBN:00/input/input0
2025-07-22T00:38:07.444522+00:00 ubuntu kernel: ACPI: button: Power Button [PWRF]
2025-07-22T00:38:07.444522+00:00 ubuntu kernel: input: Sleep Button as /devices/LNXSYSTM:00/LNXSLPBN:00/input/input1
2025-07-22T00:38:07.444549+00:00 ubuntu kernel: ACPI: button: Sleep Button [SLPF]
2025-07-22T00:38:07.444551+00:00 ubuntu kernel: Serial: 8250/16550 driver, 32 ports, IRQ sharing enabled
2025-07-22T00:38:07.444552+00:00 ubuntu kernel: ACPI: battery: Slot [BAT0] (battery present)
2025-07-22T00:38:07.444552+00:00 ubuntu kernel: Linux agpgart interface v0.103
2025-07-22T00:38:07.444553+00:00 ubuntu kernel: loop: module loaded
2025-07-22T00:38:07.444553+00:00 ubuntu kernel: ata_piix 0000:00:01.1: version 2.13
2025-07-22T00:38:07.444579+00:00 ubuntu kernel: scsi host0: ata_piix
2025-07-22T00:38:07.444582+00:00 ubuntu kernel: scsi host1: ata_piix
2025-07-22T00:38:07.444582+00:00 ubuntu kernel: ata1: PATA max UDMA/33 cmd 0x1f0 ctl 0x3f6 bmdma 0xd000 irq 14 lpm-pol 0
2025-07-22T00:38:07.444583+00:00 ubuntu kernel: ata2: PATA max UDMA/33 cmd 0x170 ctl 0x376 bmdma 0xd008 irq 15 lpm-pol 0
2025-07-22T00:38:07.444584+00:00 ubuntu kernel: ACPI: bus type drm_connector registered
2025-07-22T00:38:07.444584+00:00 ubuntu kernel: tun: Universal TUN/TAP device driver, 1.6
2025-07-22T00:38:07.444585+00:00 ubuntu kernel: PPP generic driver version 2.4.2
2025-07-22T00:38:07.444611+00:00 ubuntu kernel: ohci-pci 0000:00:06.0: OHCI PCI host controller
2025-07-22T00:38:07.444613+00:00 ubuntu kernel: ohci-pci 0000:00:06.0: new USB bus registered, assigned bus number 1
2025-07-22T00:38:07.444614+00:00 ubuntu kernel: ohci-pci 0000:00:06.0: irq 22, io mem 0xf0804000
2025-07-22T00:38:07.444615+00:00 ubuntu kernel: usb usb1: New USB device found, idVendor=1d6b, idProduct=0001, bcdDevice= 6.08
2025-07-22T00:38:07.444615+00:00 ubuntu kernel: usb usb1: New USB device strings: Mfr=3, Product=2, SerialNumber=1
2025-07-22T00:38:07.444616+00:00 ubuntu kernel: usb usb1: Product: OHCI PCI host controller
2025-07-22T00:38:07.444642+00:00 ubuntu kernel: usb usb1: Manufacturer: Linux 6.8.0-63-generic ohci_hcd
2025-07-22T00:38:07.444644+00:00 ubuntu kernel: usb usb1: SerialNumber: 0000:00:06.0
2025-07-22T00:38:07.444645+00:00 ubuntu kernel: hub 1-0:1.0: USB hub found
2025-07-22T00:38:07.444646+00:00 ubuntu kernel: hub 1-0:1.0: 12 ports detected
2025-07-22T00:38:07.444646+00:00 ubuntu kernel: i8042: PNP: PS/2 Controller [PNP0303:PS2K,PNP0f03:PS2M] at 0x60,0x64 irq 1,12
2025-07-22T00:38:07.444646+00:00 ubuntu kernel: ehci-pci 0000:00:0b.0: EHCI Host Controller
2025-07-22T00:38:07.444647+00:00 ubuntu kernel: ehci-pci 0000:00:0b.0: new USB bus registered, assigned bus number 2
2025-07-22T00:38:07.444674+00:00 ubuntu kernel: ehci-pci 0000:00:0b.0: irq 19, io mem 0xf0805000
2025-07-22T00:38:07.444676+00:00 ubuntu kernel: serio: i8042 KBD port at 0x60,0x64 irq 1
2025-07-22T00:38:07.444677+00:00 ubuntu kernel: serio: i8042 AUX port at 0x60,0x64 irq 12
2025-07-22T00:38:07.444678+00:00 ubuntu kernel: mousedev: PS/2 mouse device common for all mice
2025-07-22T00:38:07.444678+00:00 ubuntu kernel: rtc_cmos rtc_cmos: registered as rtc0
2025-07-22T00:38:07.444679+00:00 ubuntu kernel: rtc_cmos rtc_cmos: setting system clock to 2025-07-22T00:37:57 UTC (1753144677)
2025-07-22T00:38:07.444711+00:00 ubuntu kernel: rtc_cmos rtc_cmos: alarms up to one day, 114 bytes nvram
2025-07-22T00:38:07.444713+00:00 ubuntu kernel: i2c_dev: i2c /dev entries driver
2025-07-22T00:38:07.444714+00:00 ubuntu kernel: device-mapper: core: CONFIG_IMA_DISABLE_HTABLE is disabled. Duplicate IMA measurements will not be recorded in the IMA log.
2025-07-22T00:38:07.444715+00:00 ubuntu kernel: device-mapper: uevent: version 1.0.3
2025-07-22T00:38:07.444715+00:00 ubuntu kernel: ehci-pci 0000:00:0b.0: USB 2.0 started, EHCI 1.00
2025-07-22T00:38:07.444716+00:00 ubuntu kernel: device-mapper: ioctl: 4.48.0-ioctl (2023-03-01) initialised: dm-devel@redhat.com
2025-07-22T00:38:07.444742+00:00 ubuntu kernel: platform eisa.0: Probing EISA bus 0
2025-07-22T00:38:07.444745+00:00 ubuntu kernel: platform eisa.0: EISA: Cannot allocate resource for mainboard
2025-07-22T00:38:07.444746+00:00 ubuntu kernel: platform eisa.0: Cannot allocate resource for EISA slot 1
2025-07-22T00:38:07.444746+00:00 ubuntu kernel: platform eisa.0: Cannot allocate resource for EISA slot 2
2025-07-22T00:38:07.444747+00:00 ubuntu kernel: platform eisa.0: Cannot allocate resource for EISA slot 3
2025-07-22T00:38:07.444747+00:00 ubuntu kernel: platform eisa.0: Cannot allocate resource for EISA slot 4
2025-07-22T00:38:07.444748+00:00 ubuntu kernel: platform eisa.0: Cannot allocate resource for EISA slot 5
2025-07-22T00:38:07.444782+00:00 ubuntu kernel: platform eisa.0: Cannot allocate resource for EISA slot 6
2025-07-22T00:38:07.444786+00:00 ubuntu kernel: platform eisa.0: Cannot allocate resource for EISA slot 7
2025-07-22T00:38:07.444787+00:00 ubuntu kernel: platform eisa.0: Cannot allocate resource for EISA slot 8
2025-07-22T00:38:07.444789+00:00 ubuntu kernel: platform eisa.0: EISA: Detected 0 cards
2025-07-22T00:38:07.444789+00:00 ubuntu kernel: intel_pstate: CPU model not supported
2025-07-22T00:38:07.444790+00:00 ubuntu kernel: usb usb2: New USB device found, idVendor=1d6b, idProduct=0002, bcdDevice= 6.08
2025-07-22T00:38:07.444825+00:00 ubuntu kernel: usb usb2: New USB device strings: Mfr=3, Product=2, SerialNumber=1
2025-07-22T00:38:07.444828+00:00 ubuntu kernel: usb usb2: Product: EHCI Host Controller
2025-07-22T00:38:07.444829+00:00 ubuntu kernel: usb usb2: Manufacturer: Linux 6.8.0-63-generic ehci_hcd
2025-07-22T00:38:07.444830+00:00 ubuntu kernel: usb usb2: SerialNumber: 0000:00:0b.0
2025-07-22T00:38:07.444830+00:00 ubuntu kernel: hub 2-0:1.0: USB hub found
2025-07-22T00:38:07.444831+00:00 ubuntu kernel: hub 2-0:1.0: 12 ports detected
2025-07-22T00:38:07.444863+00:00 ubuntu kernel: ledtrig-cpu: registered to indicate activity on CPUs
2025-07-22T00:38:07.444866+00:00 ubuntu kernel: drop_monitor: Initializing network drop monitor service
2025-07-22T00:38:07.444867+00:00 ubuntu kernel: NET: Registered PF_INET6 protocol family
2025-07-22T00:38:07.444868+00:00 ubuntu kernel: input: AT Translated Set 2 keyboard as /devices/platform/i8042/serio0/input/input2
2025-07-22T00:38:07.444869+00:00 ubuntu kernel: ata2.00: ATAPI: VBOX CD-ROM, 1.0, max UDMA/133
2025-07-22T00:38:07.444869+00:00 ubuntu kernel: scsi 1:0:0:0: CD-ROM            VBOX     CD-ROM           1.0  PQ: 0 ANSI: 5
2025-07-22T00:38:07.444870+00:00 ubuntu kernel: sr 1:0:0:0: [sr0] scsi3-mmc drive: 32x/32x xa/form2 tray
2025-07-22T00:38:07.445628+00:00 ubuntu kernel: cdrom: Uniform CD-ROM driver Revision: 3.20
2025-07-22T00:38:07.445632+00:00 ubuntu kernel: sr 1:0:0:0: Attached scsi CD-ROM sr0
2025-07-22T00:38:07.445632+00:00 ubuntu kernel: sr 1:0:0:0: Attached scsi generic sg0 type 5
2025-07-22T00:38:07.445633+00:00 ubuntu kernel: Freeing initrd memory: 70756K
2025-07-22T00:38:07.445633+00:00 ubuntu kernel: usb 1-1: new full-speed USB device number 2 using ohci-pci
2025-07-22T00:38:07.445633+00:00 ubuntu kernel: Segment Routing with IPv6
2025-07-22T00:38:07.445666+00:00 ubuntu kernel: In-situ OAM (IOAM) with IPv6
2025-07-22T00:38:07.445668+00:00 ubuntu kernel: NET: Registered PF_PACKET protocol family
2025-07-22T00:38:07.445669+00:00 ubuntu kernel: Key type dns_resolver registered
2025-07-22T00:38:07.445669+00:00 ubuntu kernel: IPI shorthand broadcast: enabled
2025-07-22T00:38:07.445670+00:00 ubuntu kernel: sched_clock: Marking stable (2013366982, 59224714)->(2078920568, -6328872)
2025-07-22T00:38:07.445670+00:00 ubuntu kernel: registered taskstats version 1
2025-07-22T00:38:07.445671+00:00 ubuntu kernel: Loading compiled-in X.509 certificates
2025-07-22T00:38:07.445699+00:00 ubuntu kernel: Loaded X.509 cert 'Build time autogenerated kernel key: 08f424981d40e55f8459481d1dc3176796c7398d'
2025-07-22T00:38:07.445701+00:00 ubuntu kernel: Loaded X.509 cert 'Canonical Ltd. Live Patch Signing 2025 Kmod: d541cef61dc7e793b7eb7e899970a2eef0b5dc8c'
2025-07-22T00:38:07.445702+00:00 ubuntu kernel: Loaded X.509 cert 'Canonical Ltd. Live Patch Signing: 14df34d1a87cf37625abec039ef2bf521249b969'
2025-07-22T00:38:07.445703+00:00 ubuntu kernel: Loaded X.509 cert 'Canonical Ltd. Kernel Module Signing: 88f752e560a1e0737e31163a466ad7b70a850c19'
2025-07-22T00:38:07.445703+00:00 ubuntu kernel: blacklist: Loading compiled-in revocation X.509 certificates
2025-07-22T00:38:07.445704+00:00 ubuntu kernel: Loaded X.509 cert 'Canonical Ltd. Secure Boot Signing: 61482aa2830d0ab2ad5af10b7250da9033ddcef0'
2025-07-22T00:38:07.445730+00:00 ubuntu kernel: Loaded X.509 cert 'Canonical Ltd. Secure Boot Signing (2017): 242ade75ac4a15e50d50c84b0d45ff3eae707a03'
2025-07-22T00:38:07.445733+00:00 ubuntu kernel: Loaded X.509 cert 'Canonical Ltd. Secure Boot Signing (ESM 2018): 365188c1d374d6b07c3c8f240f8ef722433d6a8b'
2025-07-22T00:38:07.445733+00:00 ubuntu kernel: Loaded X.509 cert 'Canonical Ltd. Secure Boot Signing (2019): c0746fd6c5da3ae827864651ad66ae47fe24b3e8'
2025-07-22T00:38:07.445734+00:00 ubuntu kernel: Loaded X.509 cert 'Canonical Ltd. Secure Boot Signing (2021 v1): a8d54bbb3825cfb94fa13c9f8a594a195c107b8d'
2025-07-22T00:38:07.445735+00:00 ubuntu kernel: Loaded X.509 cert 'Canonical Ltd. Secure Boot Signing (2021 v2): 4cf046892d6fd3c9a5b03f98d845f90851dc6a8c'
2025-07-22T00:38:07.445761+00:00 ubuntu kernel: Loaded X.509 cert 'Canonical Ltd. Secure Boot Signing (2021 v3): 100437bb6de6e469b581e61cd66bce3ef4ed53af'
2025-07-22T00:38:07.445763+00:00 ubuntu kernel: Loaded X.509 cert 'Canonical Ltd. Secure Boot Signing (Ubuntu Core 2019): c1d57b8f6b743f23ee41f4f7ee292f06eecadfb9'
2025-07-22T00:38:07.445764+00:00 ubuntu kernel: Key type .fscrypt registered
2025-07-22T00:38:07.445765+00:00 ubuntu kernel: Key type fscrypt-provisioning registered
2025-07-22T00:38:07.445765+00:00 ubuntu kernel: cryptd: max_cpu_qlen set to 1000
2025-07-22T00:38:07.445766+00:00 ubuntu kernel: SSE version of gcm_enc/dec engaged.
2025-07-22T00:38:07.445792+00:00 ubuntu kernel: Key type encrypted registered
2025-07-22T00:38:07.445794+00:00 ubuntu kernel: AppArmor: AppArmor sha256 policy hashing enabled
2025-07-22T00:38:07.445795+00:00 ubuntu kernel: ima: No TPM chip found, activating TPM-bypass!
2025-07-22T00:38:07.445795+00:00 ubuntu kernel: Loading compiled-in module X.509 certificates
2025-07-22T00:38:07.445796+00:00 ubuntu kernel: Loaded X.509 cert 'Build time autogenerated kernel key: 08f424981d40e55f8459481d1dc3176796c7398d'
2025-07-22T00:38:07.445796+00:00 ubuntu kernel: ima: Allocated hash algorithm: sha256
2025-07-22T00:38:07.445797+00:00 ubuntu kernel: ima: No architecture policies found
2025-07-22T00:38:07.445822+00:00 ubuntu kernel: evm: Initialising EVM extended attributes:
2025-07-22T00:38:07.445825+00:00 ubuntu kernel: evm: security.selinux
2025-07-22T00:38:07.445825+00:00 ubuntu kernel: evm: security.SMACK64
2025-07-22T00:38:07.445826+00:00 ubuntu kernel: evm: security.SMACK64EXEC
2025-07-22T00:38:07.445826+00:00 ubuntu kernel: evm: security.SMACK64TRANSMUTE
2025-07-22T00:38:07.445883+00:00 ubuntu kernel: evm: security.SMACK64MMAP
2025-07-22T00:38:07.445917+00:00 ubuntu kernel: evm: security.apparmor
2025-07-22T00:38:07.445920+00:00 ubuntu kernel: evm: security.ima
2025-07-22T00:38:07.445921+00:00 ubuntu kernel: evm: security.capability
2025-07-22T00:38:07.445921+00:00 ubuntu kernel: evm: HMAC attrs: 0x1
2025-07-22T00:38:07.445922+00:00 ubuntu kernel: PM:   Magic number: 1:238:608
2025-07-22T00:38:07.445922+00:00 ubuntu kernel: RAS: Correctable Errors collector initialized.
2025-07-22T00:38:07.445950+00:00 ubuntu kernel: clk: Disabling unused clocks
2025-07-22T00:38:07.445952+00:00 ubuntu kernel: Freeing unused decrypted memory: 2028K
2025-07-22T00:38:07.445953+00:00 ubuntu kernel: Freeing unused kernel image (initmem) memory: 5000K
2025-07-22T00:38:07.445953+00:00 ubuntu kernel: Write protecting the kernel read-only data: 38912k
2025-07-22T00:38:07.445954+00:00 ubuntu kernel: Freeing unused kernel image (rodata/data gap) memory: 2008K
2025-07-22T00:38:07.445954+00:00 ubuntu kernel: x86/mm: Checked W+X mappings: passed, no W+X pages found.
2025-07-22T00:38:07.445955+00:00 ubuntu kernel: Run /init as init process
2025-07-22T00:38:07.445988+00:00 ubuntu kernel:   with arguments:
2025-07-22T00:38:07.445990+00:00 ubuntu kernel:     /init
2025-07-22T00:38:07.445991+00:00 ubuntu kernel:     splash
2025-07-22T00:38:07.445992+00:00 ubuntu kernel:     noprompt
2025-07-22T00:38:07.446148+00:00 ubuntu kernel:     noshell
2025-07-22T00:38:07.446150+00:00 ubuntu kernel:     automatic-ubiquity
2025-07-22T00:38:07.446190+00:00 ubuntu kernel:   with environment:
2025-07-22T00:38:07.446193+00:00 ubuntu kernel:     HOME=/
2025-07-22T00:38:07.446194+00:00 ubuntu kernel:     TERM=linux
2025-07-22T00:38:07.446195+00:00 ubuntu kernel:     BOOT_IMAGE=/boot/vmlinuz-6.8.0-63-generic
2025-07-22T00:38:07.446195+00:00 ubuntu kernel:     debian-installer/locale=en_US
2025-07-22T00:38:07.446196+00:00 ubuntu kernel:     keyboard-configuration/layoutcode=us
2025-07-22T00:38:07.446196+00:00 ubuntu kernel:     languagechooser/language-name=English
2025-07-22T00:38:07.446231+00:00 ubuntu kernel:     localechooser/supported-locales=en_US.UTF-8
2025-07-22T00:38:07.446234+00:00 ubuntu kernel:     countrychooser/shortlist=IN
2025-07-22T00:38:07.446234+00:00 ubuntu kernel: usb 1-1: New USB device found, idVendor=80ee, idProduct=0021, bcdDevice= 1.00
2025-07-22T00:38:07.446235+00:00 ubuntu kernel: usb 1-1: New USB device strings: Mfr=1, Product=3, SerialNumber=0
2025-07-22T00:38:07.446235+00:00 ubuntu kernel: usb 1-1: Product: USB Tablet
2025-07-22T00:38:07.446236+00:00 ubuntu kernel: usb 1-1: Manufacturer: VirtualBox
2025-07-22T00:38:07.446265+00:00 ubuntu kernel: hid: raw HID events driver (C) Jiri Kosina
2025-07-22T00:38:07.446267+00:00 ubuntu kernel: usbcore: registered new interface driver usbhid
2025-07-22T00:38:07.446268+00:00 ubuntu kernel: usbhid: USB HID core driver
2025-07-22T00:38:07.446269+00:00 ubuntu kernel: ahci 0000:00:0d.0: version 3.0
2025-07-22T00:38:07.446269+00:00 ubuntu kernel: ahci 0000:00:0d.0: SSS flag set, parallel bus scan disabled
2025-07-22T00:38:07.446270+00:00 ubuntu kernel: ahci 0000:00:0d.0: AHCI 0001.0100 32 slots 1 ports 3 Gbps 0x1 impl SATA mode
2025-07-22T00:38:07.446302+00:00 ubuntu kernel: ahci 0000:00:0d.0: flags: 64bit ncq stag only ccc 
2025-07-22T00:38:07.446304+00:00 ubuntu kernel: e1000: Intel(R) PRO/1000 Network Driver
2025-07-22T00:38:07.446305+00:00 ubuntu kernel: e1000: Copyright (c) 1999-2006 Intel Corporation.
2025-07-22T00:38:07.446306+00:00 ubuntu kernel: ACPI: video: Video Device [GFX0] (multi-head: yes  rom: no  post: no)
2025-07-22T00:38:07.446306+00:00 ubuntu kernel: input: Video Bus as /devices/LNXSYSTM:00/LNXSYBUS:00/PNP0A03:00/LNXVIDEO:00/input/input4
2025-07-22T00:38:07.446307+00:00 ubuntu kernel: scsi host2: ahci
2025-07-22T00:38:07.446307+00:00 ubuntu kernel: ata3: SATA max UDMA/133 abar m8192@0xf0806000 port 0xf0806100 irq 21 lpm-pol 0
2025-07-22T00:38:07.446339+00:00 ubuntu kernel: input: VirtualBox USB Tablet as /devices/pci0000:00/0000:00:06.0/usb1/1-1/1-1:1.0/0003:80EE:0021.0001/input/input6
2025-07-22T00:38:07.446341+00:00 ubuntu kernel: hid-generic 0003:80EE:0021.0001: input,hidraw0: USB HID v1.10 Mouse [VirtualBox USB Tablet] on usb-0000:00:06.0-1/input0
2025-07-22T00:38:07.446342+00:00 ubuntu kernel: ata3: SATA link up 3.0 Gbps (SStatus 123 SControl 300)
2025-07-22T00:38:07.446343+00:00 ubuntu kernel: ata3.00: ATA-6: VBOX HARDDISK, 1.0, max UDMA/133
2025-07-22T00:38:07.446343+00:00 ubuntu kernel: ata3.00: 52428800 sectors, multi 128: LBA48 NCQ (depth 32)
2025-07-22T00:38:07.446344+00:00 ubuntu kernel: ata3.00: configured for UDMA/133
2025-07-22T00:38:07.446375+00:00 ubuntu kernel: scsi 2:0:0:0: Direct-Access     ATA      VBOX HARDDISK    1.0  PQ: 0 ANSI: 5
2025-07-22T00:38:07.446377+00:00 ubuntu kernel: sd 2:0:0:0: [sda] 52428800 512-byte logical blocks: (26.8 GB/25.0 GiB)
2025-07-22T00:38:07.446378+00:00 ubuntu kernel: sd 2:0:0:0: [sda] Write Protect is off
2025-07-22T00:38:07.446379+00:00 ubuntu kernel: sd 2:0:0:0: [sda] Mode Sense: 00 3a 00 00
2025-07-22T00:38:07.446379+00:00 ubuntu kernel: sd 2:0:0:0: [sda] Write cache: enabled, read cache: enabled, doesn't support DPO or FUA
2025-07-22T00:38:07.446380+00:00 ubuntu kernel: sd 2:0:0:0: [sda] Preferred minimum I/O size 512 bytes
2025-07-22T00:38:07.446811+00:00 ubuntu kernel: sd 2:0:0:0: Attached scsi generic sg1 type 0
2025-07-22T00:38:07.446814+00:00 ubuntu kernel:  sda: sda1 sda2
2025-07-22T00:38:07.446815+00:00 ubuntu kernel: sd 2:0:0:0: [sda] Attached SCSI disk
2025-07-22T00:38:07.446815+00:00 ubuntu kernel: input: ImExPS/2 Generic Explorer Mouse as /devices/platform/i8042/serio1/input/input5
2025-07-22T00:38:07.446815+00:00 ubuntu kernel: e1000 0000:00:03.0 eth0: (PCI:33MHz:32-bit) 08:00:27:08:72:82
2025-07-22T00:38:07.446816+00:00 ubuntu kernel: e1000 0000:00:03.0 eth0: Intel(R) PRO/1000 Network Connection
2025-07-22T00:38:07.446816+00:00 ubuntu kernel: e1000 0000:00:03.0 enp0s3: renamed from eth0
2025-07-22T00:38:07.446849+00:00 ubuntu kernel: raid6: sse2x4   gen() 378347 MB/s
2025-07-22T00:38:07.446851+00:00 ubuntu kernel: raid6: sse2x2   gen() 1292321 MB/s
2025-07-22T00:38:07.446852+00:00 ubuntu kernel: raid6: sse2x1   gen() 970316 MB/s
2025-07-22T00:38:07.446853+00:00 ubuntu kernel: raid6: using algorithm sse2x2 gen() 1292321 MB/s
2025-07-22T00:38:07.446853+00:00 ubuntu kernel: raid6: .... xor() 730198 MB/s, rmw enabled
2025-07-22T00:38:07.446853+00:00 ubuntu kernel: raid6: using ssse3x2 recovery algorithm
2025-07-22T00:38:07.446883+00:00 ubuntu kernel: xor: measuring software checksum speed
2025-07-22T00:38:07.446885+00:00 ubuntu kernel:    prefetch64-sse  : 12363 MB/sec
2025-07-22T00:38:07.446886+00:00 ubuntu kernel:    generic_sse     :  2080 MB/sec
2025-07-22T00:38:07.446887+00:00 ubuntu kernel: xor: using function: prefetch64-sse (12363 MB/sec)
2025-07-22T00:38:07.446913+00:00 ubuntu kernel: async_tx: api initialized (async)
2025-07-22T00:38:07.446915+00:00 ubuntu kernel: Btrfs loaded, zoned=yes, fsverity=yes
2025-07-22T00:38:07.446944+00:00 ubuntu kernel: EXT4-fs (sda2): mounted filesystem 1146e309-5dfb-4d99-b26d-540d8942d467 ro with ordered data mode. Quota mode: none.
2025-07-22T00:38:07.447540+00:00 ubuntu kernel: EXT4-fs (sda2): re-mounted 1146e309-5dfb-4d99-b26d-540d8942d467 r/w. Quota mode: none.
2025-07-22T00:38:07.447574+00:00 ubuntu kernel: loop0: detected capacity change from 0 to 661448
2025-07-22T00:38:07.447574+00:00 ubuntu kernel: loop1: detected capacity change from 0 to 130592
2025-07-22T00:38:07.447575+00:00 ubuntu kernel: loop2: detected capacity change from 0 to 100952
2025-07-22T00:38:07.447575+00:00 ubuntu kernel: audit: type=1400 audit(1753144685.707:2): apparmor="STATUS" operation="profile_load" profile="unconfined" name=4D6F6E676F444220436F6D70617373 pid=450 comm="apparmor_parser"
2025-07-22T00:38:07.447605+00:00 ubuntu kernel: audit: type=1400 audit(1753144685.707:3): apparmor="STATUS" operation="profile_load" profile="unconfined" name="QtWebEngineProcess" pid=451 comm="apparmor_parser"
2025-07-22T00:38:07.447607+00:00 ubuntu kernel: audit: type=1400 audit(1753144685.712:4): apparmor="STATUS" operation="profile_load" profile="unconfined" name="1password" pid=447 comm="apparmor_parser"
2025-07-22T00:38:07.447608+00:00 ubuntu kernel: audit: type=1400 audit(1753144685.714:5): apparmor="STATUS" operation="profile_load" profile="unconfined" name="Discord" pid=449 comm="apparmor_parser"
2025-07-22T00:38:07.447609+00:00 ubuntu kernel: audit: type=1400 audit(1753144685.720:6): apparmor="STATUS" operation="profile_load" profile="unconfined" name="brave" pid=473 comm="apparmor_parser"
2025-07-22T00:38:07.447609+00:00 ubuntu kernel: audit: type=1400 audit(1753144685.724:7): apparmor="STATUS" operation="profile_load" profile="unconfined" name="busybox" pid=476 comm="apparmor_parser"
2025-07-22T00:38:07.447635+00:00 ubuntu kernel: audit: type=1400 audit(1753144685.727:8): apparmor="STATUS" operation="profile_load" profile="unconfined" name="balena-etcher" pid=471 comm="apparmor_parser"
2025-07-22T00:38:07.447637+00:00 ubuntu kernel: audit: type=1400 audit(1753144685.730:9): apparmor="STATUS" operation="profile_load" profile="unconfined" name="buildah" pid=475 comm="apparmor_parser"
2025-07-22T00:38:07.447638+00:00 ubuntu kernel: audit: type=1400 audit(1753144685.730:10): apparmor="STATUS" operation="profile_load" profile="unconfined" name="cam" pid=479 comm="apparmor_parser"
2025-07-22T00:38:07.447639+00:00 ubuntu kernel: audit: type=1400 audit(1753144685.730:11): apparmor="STATUS" operation="profile_load" profile="unconfined" name="ch-checkns" pid=480 comm="apparmor_parser"
2025-07-22T00:38:07.447640+00:00 ubuntu kernel: piix4_smbus 0000:00:07.0: SMBus Host Controller at 0x4100, revision 0
2025-07-22T00:38:07.447665+00:00 ubuntu kernel: vboxguest: host-version: 7.1.6r167084 0x8000000f
2025-07-22T00:38:07.447668+00:00 ubuntu kernel: vbg_heartbeat_init: Setting up heartbeat to trigger every 2000 milliseconds
2025-07-22T00:38:07.447668+00:00 ubuntu kernel: input: VirtualBox mouse integration as /devices/pci0000:00/0000:00:04.0/input/input7
2025-07-22T00:38:07.447669+00:00 ubuntu kernel: vmwgfx 0000:00:02.0: vgaarb: deactivate vga console
2025-07-22T00:38:07.447669+00:00 ubuntu kernel: Console: switching to colour dummy device 80x25
2025-07-22T00:38:07.447670+00:00 ubuntu kernel: vmwgfx 0000:00:02.0: [drm] FIFO at 0x00000000f0000000 size is 2048 kiB
2025-07-22T00:38:07.447670+00:00 ubuntu kernel: vmwgfx 0000:00:02.0: [drm] VRAM at 0x00000000e0000000 size is 16384 kiB
2025-07-22T00:38:07.447695+00:00 ubuntu kernel: vmwgfx 0000:00:02.0: [drm] Running on SVGA version 2.
2025-07-22T00:38:07.447698+00:00 ubuntu kernel: vmwgfx 0000:00:02.0: [drm] Capabilities: rect copy, cursor, cursor bypass, cursor bypass 2, alpha cursor, extended fifo, pitchlock, irq mask, gmr, traces, gmr2, screen object 2, command buffers, gbobject, 
2025-07-22T00:38:07.447699+00:00 ubuntu kernel: vmwgfx 0000:00:02.0: [drm] *ERROR* vmwgfx seems to be running on an unsupported hypervisor.
2025-07-22T00:38:07.447699+00:00 ubuntu kernel: vmwgfx 0000:00:02.0: [drm] *ERROR* This configuration is likely broken.
2025-07-22T00:38:07.447700+00:00 ubuntu kernel: vmwgfx 0000:00:02.0: [drm] *ERROR* Please switch to a supported graphics device to avoid problems.
2025-07-22T00:38:07.447700+00:00 ubuntu kernel: vmwgfx 0000:00:02.0: [drm] DMA map mode: Caching DMA mappings.
2025-07-22T00:38:07.447726+00:00 ubuntu kernel: vmwgfx 0000:00:02.0: [drm] Legacy memory limits: VRAM = 16384 kB, FIFO = 2048 kB, surface = 507904 kB
2025-07-22T00:38:07.447739+00:00 ubuntu kernel: vmwgfx 0000:00:02.0: [drm] MOB limits: max mob size = 131072 kB, max mob pages = 4096
2025-07-22T00:38:07.447740+00:00 ubuntu kernel: vmwgfx 0000:00:02.0: [drm] Max GMR ids is 8192
2025-07-22T00:38:07.447741+00:00 ubuntu kernel: vmwgfx 0000:00:02.0: [drm] Max number of GMR pages is 1048576
2025-07-22T00:38:07.447741+00:00 ubuntu kernel: vmwgfx 0000:00:02.0: [drm] Maximum display memory size is 16384 kiB
2025-07-22T00:38:07.447742+00:00 ubuntu kernel: RAPL PMU: API unit is 2^-32 Joules, 0 fixed counters, 10737418240 ms ovfl timer
2025-07-22T00:38:07.447768+00:00 ubuntu kernel: vmwgfx 0000:00:02.0: [drm] Screen Target display unit initialized
2025-07-22T00:38:07.447771+00:00 ubuntu kernel: vmwgfx 0000:00:02.0: [drm] Fifo max 0x00200000 min 0x00001000 cap 0x00000355
2025-07-22T00:38:07.447771+00:00 ubuntu kernel: vmwgfx 0000:00:02.0: [drm] Using command buffers with DMA pool.
2025-07-22T00:38:07.447772+00:00 ubuntu kernel: vmwgfx 0000:00:02.0: [drm] Available shader model: Legacy.
2025-07-22T00:38:07.447772+00:00 ubuntu kernel: [drm] Initialized vmwgfx 2.20.0 20211206 for 0000:00:02.0 on minor 0
2025-07-22T00:38:07.447773+00:00 ubuntu kernel: fbcon: vmwgfxdrmfb (fb0) is primary device
2025-07-22T00:38:07.447799+00:00 ubuntu kernel: Console: switching to colour frame buffer device 160x50
2025-07-22T00:38:07.447801+00:00 ubuntu kernel: vmwgfx 0000:00:02.0: [drm] fb0: vmwgfxdrmfb frame buffer device
2025-07-22T00:38:07.447802+00:00 ubuntu kernel: cfg80211: Loading compiled-in X.509 certificates for regulatory database
2025-07-22T00:38:07.447803+00:00 ubuntu kernel: Loaded X.509 cert 'sforshee: 00b28ddf47aef9cea7'
2025-07-22T00:38:07.447803+00:00 ubuntu kernel: Loaded X.509 cert 'wens: 61c038651aabdcf94bd0ac7ff06c7248db18c600'
2025-07-22T00:38:07.447803+00:00 ubuntu kernel: e1000: enp0s3 NIC Link is Up 1000 Mbps Full Duplex, Flow Control: RX
2025-07-22T00:38:07.447804+00:00 ubuntu kernel: snd_intel8x0 0000:00:05.0: allow list rate for 1028:0177 is 48000
2025-07-22T00:38:07.909586+00:00 ubuntu kernel: NET: Registered PF_QIPCRTR protocol family
2025-07-22T00:38:10.785901+00:00 ubuntu kernel: evm: overlay not supported
2025-07-22T00:38:11.025801+00:00 ubuntu kernel: loop3: detected capacity change from 0 to 8
2025-07-22T00:38:11.386622+00:00 ubuntu kernel: Initializing XFRM netlink socket
2025-07-22T00:38:12.293721+00:00 ubuntu kernel: bridge: filtering via arp/ip/ip6tables is no longer available by default. Update your scripts to load br_netfilter if you need this.
2025-07-22T00:38:24.517645+00:00 ubuntu kernel: workqueue: e1000_watchdog [e1000] hogged CPU for >10000us 4 times, consider switching to WQ_UNBOUND
2025-07-22T00:38:27.596028+00:00 ubuntu kernel: workqueue: drm_fb_helper_damage_work hogged CPU for >10000us 4 times, consider switching to WQ_UNBOUND
2025-07-22T00:38:36.918393+00:00 ubuntu kernel: workqueue: e1000_watchdog [e1000] hogged CPU for >10000us 8 times, consider switching to WQ_UNBOUND
2025-07-22T00:38:52.347143+00:00 ubuntu kernel: hrtimer: interrupt took 11345561 ns
2025-07-22T00:38:52.803413+00:00 ubuntu kernel: br-c1ed1120b48f: port 1(veth4621875) entered blocking state
2025-07-22T00:38:52.803422+00:00 ubuntu kernel: br-c1ed1120b48f: port 1(veth4621875) entered disabled state
2025-07-22T00:38:52.803423+00:00 ubuntu kernel: veth4621875: entered allmulticast mode
2025-07-22T00:38:52.803423+00:00 ubuntu kernel: veth4621875: entered promiscuous mode
2025-07-22T00:38:52.883954+00:00 ubuntu kernel: eth0: renamed from vethb5b30ce
2025-07-22T00:38:52.904199+00:00 ubuntu kernel: br-c1ed1120b48f: port 1(veth4621875) entered blocking state
2025-07-22T00:38:52.905666+00:00 ubuntu kernel: br-c1ed1120b48f: port 1(veth4621875) entered forwarding state
2025-07-22T00:38:54.606187+00:00 ubuntu kernel: br-c1ed1120b48f: port 2(vethc31607a) entered blocking state
2025-07-22T00:38:54.606202+00:00 ubuntu kernel: br-c1ed1120b48f: port 2(vethc31607a) entered disabled state
2025-07-22T00:38:54.606204+00:00 ubuntu kernel: vethc31607a: entered allmulticast mode
2025-07-22T00:38:54.606205+00:00 ubuntu kernel: vethc31607a: entered promiscuous mode
2025-07-22T00:38:54.712867+00:00 ubuntu kernel: eth0: renamed from veth1f08179
2025-07-22T00:38:54.730684+00:00 ubuntu kernel: br-c1ed1120b48f: port 2(vethc31607a) entered blocking state
2025-07-22T00:38:54.730695+00:00 ubuntu kernel: br-c1ed1120b48f: port 2(vethc31607a) entered forwarding state
2025-07-22T00:39:28.420659+00:00 ubuntu kernel: java invoked oom-killer: gfp_mask=0x100cca(GFP_HIGHUSER_MOVABLE), order=0, oom_score_adj=0
2025-07-22T00:39:28.420677+00:00 ubuntu kernel: CPU: 3 PID: 3397 Comm: java Not tainted 6.8.0-63-generic #66-Ubuntu
2025-07-22T00:39:28.420678+00:00 ubuntu kernel: Hardware name: innotek GmbH VirtualBox/VirtualBox, BIOS VirtualBox 12/01/2006
2025-07-22T00:39:28.420680+00:00 ubuntu kernel: Call Trace:
2025-07-22T00:39:28.420681+00:00 ubuntu kernel:  <TASK>
2025-07-22T00:39:28.420681+00:00 ubuntu kernel:  dump_stack_lvl+0x76/0xa0
2025-07-22T00:39:28.420682+00:00 ubuntu kernel:  dump_stack+0x10/0x20
2025-07-22T00:39:28.420682+00:00 ubuntu kernel:  dump_header+0x47/0x1f0
2025-07-22T00:39:28.420682+00:00 ubuntu kernel:  oom_kill_process+0x118/0x280
2025-07-22T00:39:28.420683+00:00 ubuntu kernel:  out_of_memory+0x103/0x350
2025-07-22T00:39:28.420683+00:00 ubuntu kernel:  mem_cgroup_out_of_memory+0x145/0x170
2025-07-22T00:39:28.420684+00:00 ubuntu kernel:  try_charge_memcg+0x6d6/0x7d0
2025-07-22T00:39:28.420684+00:00 ubuntu kernel:  ? __alloc_pages+0x1e9/0x350
2025-07-22T00:39:28.420685+00:00 ubuntu kernel:  __mem_cgroup_charge+0x45/0xc0
2025-07-22T00:39:28.420685+00:00 ubuntu kernel:  __filemap_add_folio+0x1da/0x4a0
2025-07-22T00:39:28.420686+00:00 ubuntu kernel:  ? __pfx_workingset_update_node+0x10/0x10
2025-07-22T00:39:28.420687+00:00 ubuntu kernel:  filemap_add_folio+0x3d/0xb0
2025-07-22T00:39:28.420688+00:00 ubuntu kernel:  __filemap_get_folio+0x168/0x2d0
2025-07-22T00:39:28.420688+00:00 ubuntu kernel:  filemap_fault+0x15c/0x8e0
2025-07-22T00:39:28.420688+00:00 ubuntu kernel:  __do_fault+0x3a/0x190
2025-07-22T00:39:28.420689+00:00 ubuntu kernel:  do_read_fault+0x133/0x200
2025-07-22T00:39:28.420690+00:00 ubuntu kernel:  do_fault+0xf0/0x260
2025-07-22T00:39:28.420690+00:00 ubuntu kernel:  handle_pte_fault+0x114/0x1d0
2025-07-22T00:39:28.420690+00:00 ubuntu kernel:  __handle_mm_fault+0x654/0x800
2025-07-22T00:39:28.420691+00:00 ubuntu kernel:  handle_mm_fault+0x18a/0x380
2025-07-22T00:39:28.420691+00:00 ubuntu kernel:  do_user_addr_fault+0x169/0x670
2025-07-22T00:39:28.420692+00:00 ubuntu kernel:  exc_page_fault+0x83/0x1b0
2025-07-22T00:39:28.420692+00:00 ubuntu kernel:  asm_exc_page_fault+0x27/0x30
2025-07-22T00:39:28.420693+00:00 ubuntu kernel: RIP: 0033:0x72c053607660
2025-07-22T00:39:28.420693+00:00 ubuntu kernel: Code: Unable to access opcode bytes at 0x72c053607636.
2025-07-22T00:39:28.420694+00:00 ubuntu kernel: RSP: 002b:000072c0612d7268 EFLAGS: 00010246
2025-07-22T00:39:28.420694+00:00 ubuntu kernel: RAX: 0000000000000031 RBX: 000072c05c02e500 RCX: 0000000000000436
2025-07-22T00:39:28.420695+00:00 ubuntu kernel: RDX: 000072c05e097080 RSI: 000072c05c113dc0 RDI: 000072c05c02e8c8
2025-07-22T00:39:28.420695+00:00 ubuntu kernel: RBP: 000072c0612d7330 R08: 0000000000000031 R09: 0000000000000000
2025-07-22T00:39:28.420696+00:00 ubuntu kernel: R10: 0000000000000000 R11: 0000000000000000 R12: 000072c05c018ee0
2025-07-22T00:39:28.420696+00:00 ubuntu kernel: R13: 000072c01bd20710 R14: 000072c05c113dc0 R15: 000072c053607660
2025-07-22T00:39:28.420697+00:00 ubuntu kernel:  </TASK>
2025-07-22T00:39:28.420697+00:00 ubuntu kernel: memory: usage 1048576kB, limit 1048576kB, failcnt 25132
2025-07-22T00:39:28.420698+00:00 ubuntu kernel: swap: usage 0kB, limit 1048576kB, failcnt 0
2025-07-22T00:39:28.420698+00:00 ubuntu kernel: Memory cgroup stats for /system.slice/docker-354e3a2a5f671c1ce09952340e8cdca96824872ea6eb3891871044d62be22396.scope:
2025-07-22T00:39:28.420699+00:00 ubuntu kernel: anon 897589248
2025-07-22T00:39:28.420700+00:00 ubuntu kernel: file 169644032
2025-07-22T00:39:28.420700+00:00 ubuntu kernel: kernel 6508544
2025-07-22T00:39:28.420701+00:00 ubuntu kernel: kernel_stack 720896
2025-07-22T00:39:28.420701+00:00 ubuntu kernel: pagetables 2678784
2025-07-22T00:39:28.420702+00:00 ubuntu kernel: sec_pagetables 0
2025-07-22T00:39:28.420702+00:00 ubuntu kernel: percpu 2640
2025-07-22T00:39:28.420703+00:00 ubuntu kernel: sock 0
2025-07-22T00:39:28.420703+00:00 ubuntu kernel: vmalloc 16384
2025-07-22T00:39:28.420704+00:00 ubuntu kernel: shmem 0
2025-07-22T00:39:28.420704+00:00 ubuntu kernel: zswap 0
2025-07-22T00:39:28.420705+00:00 ubuntu kernel: zswapped 0
2025-07-22T00:39:28.420705+00:00 ubuntu kernel: file_mapped 169537536
2025-07-22T00:39:28.420705+00:00 ubuntu kernel: file_dirty 110592
2025-07-22T00:39:28.420706+00:00 ubuntu kernel: file_writeback 0
2025-07-22T00:39:28.420706+00:00 ubuntu kernel: swapcached 0
2025-07-22T00:39:28.420707+00:00 ubuntu kernel: anon_thp 0
2025-07-22T00:39:28.420707+00:00 ubuntu kernel: file_thp 0
2025-07-22T00:39:28.420707+00:00 ubuntu kernel: shmem_thp 0
2025-07-22T00:39:28.420708+00:00 ubuntu kernel: inactive_anon 16322560
2025-07-22T00:39:28.420708+00:00 ubuntu kernel: active_anon 120020992
2025-07-22T00:39:28.420709+00:00 ubuntu kernel: inactive_file 0
2025-07-22T00:39:28.420709+00:00 ubuntu kernel: active_file 118784
2025-07-22T00:39:28.420710+00:00 ubuntu kernel: unevictable 930729984
2025-07-22T00:39:28.420710+00:00 ubuntu kernel: slab_reclaimable 2043896
2025-07-22T00:39:28.420710+00:00 ubuntu kernel: slab_unreclaimable 994704
2025-07-22T00:39:28.420711+00:00 ubuntu kernel: slab 3038600
2025-07-22T00:39:28.420711+00:00 ubuntu kernel: workingset_refault_anon 0
2025-07-22T00:39:28.420712+00:00 ubuntu kernel: workingset_refault_file 3553
2025-07-22T00:39:28.420712+00:00 ubuntu kernel: workingset_activate_anon 0
2025-07-22T00:39:28.420712+00:00 ubuntu kernel: workingset_activate_file 1492
2025-07-22T00:39:28.420713+00:00 ubuntu kernel: workingset_restore_anon 0
2025-07-22T00:39:28.420713+00:00 ubuntu kernel: workingset_restore_file 234
2025-07-22T00:39:28.420714+00:00 ubuntu kernel: workingset_nodereclaim 0
2025-07-22T00:39:28.420714+00:00 ubuntu kernel: pgscan 27720
2025-07-22T00:39:28.420843+00:00 ubuntu kernel: pgsteal 26612
2025-07-22T00:39:28.420844+00:00 ubuntu kernel: pgscan_kswapd 0
2025-07-22T00:39:28.420845+00:00 ubuntu kernel: pgscan_direct 27720
2025-07-22T00:39:28.420845+00:00 ubuntu kernel: pgscan_khugepaged 0
2025-07-22T00:39:28.420846+00:00 ubuntu kernel: pgsteal_kswapd 0
2025-07-22T00:39:28.420846+00:00 ubuntu kernel: pgsteal_direct 26612
2025-07-22T00:39:28.420846+00:00 ubuntu kernel: pgsteal_khugepaged 0
2025-07-22T00:39:28.420847+00:00 ubuntu kernel: pgfault 297413
2025-07-22T00:39:28.420847+00:00 ubuntu kernel: pgmajfault 323
2025-07-22T00:39:28.420848+00:00 ubuntu kernel: pgrefill 10323
2025-07-22T00:39:28.420848+00:00 ubuntu kernel: pgactivate 980
2025-07-22T00:39:28.420848+00:00 ubuntu kernel: pgdeactivate 0
2025-07-22T00:39:28.420849+00:00 ubuntu kernel: pglazyfree 0
2025-07-22T00:39:28.420850+00:00 ubuntu kernel: pglazyfreed 0
2025-07-22T00:39:28.420850+00:00 ubuntu kernel: zswpin 0
2025-07-22T00:39:28.420850+00:00 ubuntu kernel: zswpout 0
2025-07-22T00:39:28.420851+00:00 ubuntu kernel: zswpwb 0
2025-07-22T00:39:28.420851+00:00 ubuntu kernel: thp_fault_alloc 0
2025-07-22T00:39:28.420852+00:00 ubuntu kernel: thp_collapse_alloc 0
2025-07-22T00:39:28.420852+00:00 ubuntu kernel: thp_swpout 0
2025-07-22T00:39:28.420853+00:00 ubuntu kernel: thp_swpout_fallback 0
2025-07-22T00:39:28.420853+00:00 ubuntu kernel: Tasks state (memory values in pages):
2025-07-22T00:39:28.420854+00:00 ubuntu kernel: [  pid  ]   uid  tgid total_vm      rss rss_anon rss_file rss_shmem pgtables_bytes swapents oom_score_adj name
2025-07-22T00:39:28.420854+00:00 ubuntu kernel: [   1712]  1000  1712      658      288        0      288         0    49152        0             0 tini
2025-07-22T00:39:28.420855+00:00 ubuntu kernel: [   1829]  1000  1829   635693    24787    19556     5231         0   425984        0             0 java
2025-07-22T00:39:28.420856+00:00 ubuntu kernel: [   3395]  1000  3395   943971   241184   199296    41888         0  2117632        0             0 java
2025-07-22T00:39:28.420856+00:00 ubuntu kernel: [   3494]  1000  3494    23200      704      128      576         0    86016        0             0 controller
2025-07-22T00:39:28.420857+00:00 ubuntu kernel: oom-kill:constraint=CONSTRAINT_MEMCG,nodemask=(null),cpuset=docker-354e3a2a5f671c1ce09952340e8cdca96824872ea6eb3891871044d62be22396.scope,mems_allowed=0,oom_memcg=/system.slice/docker-354e3a2a5f671c1ce09952340e8cdca96824872ea6eb3891871044d62be22396.scope,task_memcg=/system.slice/docker-354e3a2a5f671c1ce09952340e8cdca96824872ea6eb3891871044d62be22396.scope,task=java,pid=3395,uid=1000
2025-07-22T00:39:28.420867+00:00 ubuntu kernel: Memory cgroup out of memory: Killed process 3395 (java) total-vm:3775884kB, anon-rss:797184kB, file-rss:167552kB, shmem-rss:0kB, UID:1000 pgtables:2068kB oom_score_adj:0
2025-07-22T00:39:28.944684+00:00 ubuntu kernel: veth1f08179: renamed from eth0
2025-07-22T00:39:28.953769+00:00 ubuntu kernel: br-c1ed1120b48f: port 2(vethc31607a) entered disabled state
2025-07-22T00:39:29.008713+00:00 ubuntu kernel: br-c1ed1120b48f: port 2(vethc31607a) entered disabled state
2025-07-22T00:39:29.011026+00:00 ubuntu kernel: vethc31607a (unregistering): left allmulticast mode
2025-07-22T00:39:29.011101+00:00 ubuntu kernel: vethc31607a (unregistering): left promiscuous mode
2025-07-22T00:39:29.011103+00:00 ubuntu kernel: br-c1ed1120b48f: port 2(vethc31607a) entered disabled state
2025-07-22T00:39:31.198189+00:00 ubuntu kernel: workqueue: drm_fb_helper_damage_work hogged CPU for >10000us 8 times, consider switching to WQ_UNBOUND
2025-07-22T00:39:39.214269+00:00 ubuntu kernel: workqueue: e1000_watchdog [e1000] hogged CPU for >10000us 16 times, consider switching to WQ_UNBOUND
2025-07-22T00:39:39.640707+00:00 ubuntu kernel: workqueue: drm_fb_helper_damage_work hogged CPU for >10000us 16 times, consider switching to WQ_UNBOUND
2025-07-22T00:39:55.393914+00:00 ubuntu kernel: workqueue: drm_fb_helper_damage_work hogged CPU for >10000us 32 times, consider switching to WQ_UNBOUND
2025-07-22T00:40:19.628315+00:00 ubuntu kernel: workqueue: e1000_watchdog [e1000] hogged CPU for >10000us 32 times, consider switching to WQ_UNBOUND
2025-07-22T00:40:25.060605+00:00 ubuntu kernel: workqueue: drm_fb_helper_damage_work hogged CPU for >10000us 64 times, consider switching to WQ_UNBOUND
2025-07-22T00:41:49.617283+00:00 ubuntu kernel: workqueue: ata_sff_pio_task hogged CPU for >10000us 4 times, consider switching to WQ_UNBOUND
2025-07-22T00:41:54.456044+00:00 ubuntu kernel: workqueue: e1000_watchdog [e1000] hogged CPU for >10000us 64 times, consider switching to WQ_UNBOUND
2025-07-22T00:41:55.314013+00:00 ubuntu kernel: workqueue: blk_mq_run_work_fn hogged CPU for >10000us 4 times, consider switching to WQ_UNBOUND
2025-07-22T00:42:32.218325+00:00 ubuntu kernel: workqueue: drm_fb_helper_damage_work hogged CPU for >10000us 128 times, consider switching to WQ_UNBOUND
2025-07-22T00:42:58.304566+00:00 ubuntu kernel: br-c1ed1120b48f: port 1(veth4621875) entered disabled state
2025-07-22T00:42:58.304859+00:00 ubuntu kernel: vethb5b30ce: renamed from eth0
2025-07-22T00:42:58.517311+00:00 ubuntu kernel: br-c1ed1120b48f: port 1(veth4621875) entered disabled state
2025-07-22T00:42:58.521611+00:00 ubuntu kernel: veth4621875 (unregistering): left allmulticast mode
2025-07-22T00:42:58.521623+00:00 ubuntu kernel: veth4621875 (unregistering): left promiscuous mode
2025-07-22T00:42:58.521624+00:00 ubuntu kernel: br-c1ed1120b48f: port 1(veth4621875) entered disabled state
2025-07-22T00:45:24.341837+00:00 ubuntu kernel: workqueue: ata_sff_pio_task hogged CPU for >10000us 8 times, consider switching to WQ_UNBOUND
2025-07-22T00:45:36.942630+00:00 ubuntu kernel: workqueue: e1000_watchdog [e1000] hogged CPU for >10000us 128 times, consider switching to WQ_UNBOUND
2025-07-22T00:51:16.308571+00:00 ubuntu kernel: br-c1ed1120b48f: port 1(vethd1c0fea) entered blocking state
2025-07-22T00:51:16.308658+00:00 ubuntu kernel: br-c1ed1120b48f: port 1(vethd1c0fea) entered disabled state
2025-07-22T00:51:16.308664+00:00 ubuntu kernel: vethd1c0fea: entered allmulticast mode
2025-07-22T00:51:16.308665+00:00 ubuntu kernel: vethd1c0fea: entered promiscuous mode
2025-07-22T00:51:16.437693+00:00 ubuntu kernel: eth0: renamed from veth9720d39
2025-07-22T00:51:16.467082+00:00 ubuntu kernel: br-c1ed1120b48f: port 1(vethd1c0fea) entered blocking state
2025-07-22T00:51:16.467127+00:00 ubuntu kernel: br-c1ed1120b48f: port 1(vethd1c0fea) entered forwarding state
2025-07-22T00:51:43.691627+00:00 ubuntu kernel: br-c1ed1120b48f: port 1(vethd1c0fea) entered disabled state
2025-07-22T00:51:43.691734+00:00 ubuntu kernel: veth9720d39: renamed from eth0
2025-07-22T00:51:43.758692+00:00 ubuntu kernel: br-c1ed1120b48f: port 1(vethd1c0fea) entered disabled state
2025-07-22T00:51:43.760724+00:00 ubuntu kernel: vethd1c0fea (unregistering): left allmulticast mode
2025-07-22T00:51:43.760734+00:00 ubuntu kernel: vethd1c0fea (unregistering): left promiscuous mode
2025-07-22T00:51:43.760735+00:00 ubuntu kernel: br-c1ed1120b48f: port 1(vethd1c0fea) entered disabled state
2025-07-22T00:51:49.281898+00:00 ubuntu kernel: br-476f7604e1ef: port 1(veth4f7d71a) entered blocking state
2025-07-22T00:51:49.282196+00:00 ubuntu kernel: br-476f7604e1ef: port 1(veth4f7d71a) entered disabled state
2025-07-22T00:51:49.282200+00:00 ubuntu kernel: veth4f7d71a: entered allmulticast mode
2025-07-22T00:51:49.282200+00:00 ubuntu kernel: veth4f7d71a: entered promiscuous mode
2025-07-22T00:51:49.345650+00:00 ubuntu kernel: eth0: renamed from vethcf0d474
2025-07-22T00:51:49.359742+00:00 ubuntu kernel: br-476f7604e1ef: port 1(veth4f7d71a) entered blocking state
2025-07-22T00:51:49.359756+00:00 ubuntu kernel: br-476f7604e1ef: port 1(veth4f7d71a) entered forwarding state
2025-07-22T00:51:55.558656+00:00 ubuntu kernel: br-476f7604e1ef: port 2(veth58db33c) entered blocking state
2025-07-22T00:51:55.558710+00:00 ubuntu kernel: br-476f7604e1ef: port 2(veth58db33c) entered disabled state
2025-07-22T00:51:55.558712+00:00 ubuntu kernel: veth58db33c: entered allmulticast mode
2025-07-22T00:51:55.558713+00:00 ubuntu kernel: veth58db33c: entered promiscuous mode
2025-07-22T00:51:55.632634+00:00 ubuntu kernel: eth0: renamed from vetha4b4f6b
2025-07-22T00:51:55.643540+00:00 ubuntu kernel: br-476f7604e1ef: port 2(veth58db33c) entered blocking state
2025-07-22T00:51:55.643597+00:00 ubuntu kernel: br-476f7604e1ef: port 2(veth58db33c) entered forwarding state
2025-07-22T00:56:02.256577+00:00 ubuntu kernel: br-476f7604e1ef: port 2(veth58db33c) entered disabled state
2025-07-22T00:56:02.256588+00:00 ubuntu kernel: vetha4b4f6b: renamed from eth0
2025-07-22T00:56:02.358584+00:00 ubuntu kernel: br-476f7604e1ef: port 2(veth58db33c) entered disabled state
2025-07-22T00:56:02.367630+00:00 ubuntu kernel: veth58db33c (unregistering): left allmulticast mode
2025-07-22T00:56:02.367661+00:00 ubuntu kernel: veth58db33c (unregistering): left promiscuous mode
2025-07-22T00:56:02.367664+00:00 ubuntu kernel: br-476f7604e1ef: port 2(veth58db33c) entered disabled state
2025-07-22T00:56:02.570803+00:00 ubuntu kernel: br-476f7604e1ef: port 1(veth4f7d71a) entered disabled state
2025-07-22T00:56:02.570808+00:00 ubuntu kernel: vethcf0d474: renamed from eth0
